Archive member included to satisfy reference by file (symbol)

/Users/evanbadger/Library/Application Support/Code/User/globalStorage/vexrobotics.vexcode/sdk/cpp/V5/V5_20240802_15_00_00/vexv5/libv5rt.a(v5_startup.c.obj)
                              (vexStartup)
/Users/evanbadger/Library/Application Support/Code/User/globalStorage/vexrobotics.vexcode/sdk/cpp/V5/V5_20240802_15_00_00/vexv5/libv5rt.a(v5_util.c.obj)
                              /Users/evanbadger/Library/Application Support/Code/User/globalStorage/vexrobotics.vexcode/sdk/cpp/V5/V5_20240802_15_00_00/vexv5/libv5rt.a(v5_startup.c.obj) (vexStdlibVersionLinked)
/Users/evanbadger/Library/Application Support/Code/User/globalStorage/vexrobotics.vexcode/sdk/cpp/V5/V5_20240802_15_00_00/vexv5/libv5rt.a(v5_apijump.c.obj)
                              /Users/evanbadger/Library/Application Support/Code/User/globalStorage/vexrobotics.vexcode/sdk/cpp/V5/V5_20240802_15_00_00/vexv5/libv5rt.a(v5_startup.c.obj) (vexPrivateApiEnable)
/Users/evanbadger/Library/Application Support/Code/User/globalStorage/vexrobotics.vexcode/sdk/cpp/V5/V5_20240802_15_00_00/vexv5/libv5rt.a(v5_apiversions.c.obj)
                              /Users/evanbadger/Library/Application Support/Code/User/globalStorage/vexrobotics.vexcode/sdk/cpp/V5/V5_20240802_15_00_00/vexv5/libv5rt.a(v5_apijump.c.obj) (vexSystemVersion)
/Users/evanbadger/Library/Application Support/Code/User/globalStorage/vexrobotics.vexcode/sdk/cpp/V5/V5_20240802_15_00_00/vexv5/libv5rt.a(vex_global.cpp.obj)
                              build/src/Drive.o (vex::wait(double, vex::timeUnits))
/Users/evanbadger/Library/Application Support/Code/User/globalStorage/vexrobotics.vexcode/sdk/cpp/V5/V5_20240802_15_00_00/vexv5/libv5rt.a(vex_motor.cpp.obj)
                              build/src/robot-config.o (vex::motor::~motor())
/Users/evanbadger/Library/Application Support/Code/User/globalStorage/vexrobotics.vexcode/sdk/cpp/V5/V5_20240802_15_00_00/vexv5/libv5rt.a(vex_imu.cpp.obj)
                              build/src/main.o (vex::inertial::~inertial())
/Users/evanbadger/Library/Application Support/Code/User/globalStorage/vexrobotics.vexcode/sdk/cpp/V5/V5_20240802_15_00_00/vexv5/libv5rt.a(vex_rotation.cpp.obj)
                              build/src/robot-config.o (vex::rotation::~rotation())
/Users/evanbadger/Library/Application Support/Code/User/globalStorage/vexrobotics.vexcode/sdk/cpp/V5/V5_20240802_15_00_00/vexv5/libv5rt.a(vex_controller.cpp.obj)
                              build/src/robot-config.o (vex::controller::~controller())
/Users/evanbadger/Library/Application Support/Code/User/globalStorage/vexrobotics.vexcode/sdk/cpp/V5/V5_20240802_15_00_00/vexv5/libv5rt.a(vex_task.cpp.obj)
                              build/src/Drive.o (vex::task::sleep(unsigned long))
/Users/evanbadger/Library/Application Support/Code/User/globalStorage/vexrobotics.vexcode/sdk/cpp/V5/V5_20240802_15_00_00/vexv5/libv5rt.a(vex_thread.cpp.obj)
                              /Users/evanbadger/Library/Application Support/Code/User/globalStorage/vexrobotics.vexcode/sdk/cpp/V5/V5_20240802_15_00_00/vexv5/libv5rt.a(vex_global.cpp.obj) (vex::this_thread::sleep_for(unsigned long))
/Users/evanbadger/Library/Application Support/Code/User/globalStorage/vexrobotics.vexcode/sdk/cpp/V5/V5_20240802_15_00_00/vexv5/libv5rt.a(vex_event.cpp.obj)
                              /Users/evanbadger/Library/Application Support/Code/User/globalStorage/vexrobotics.vexcode/sdk/cpp/V5/V5_20240802_15_00_00/vexv5/libv5rt.a(vex_imu.cpp.obj) (vex::event::init(unsigned long, unsigned long, void (*)()))
/Users/evanbadger/Library/Application Support/Code/User/globalStorage/vexrobotics.vexcode/sdk/cpp/V5/V5_20240802_15_00_00/vexv5/libv5rt.a(vex_mevent.cpp.obj)
                              /Users/evanbadger/Library/Application Support/Code/User/globalStorage/vexrobotics.vexcode/sdk/cpp/V5/V5_20240802_15_00_00/vexv5/libv5rt.a(vex_controller.cpp.obj) (vex::mevent::mevent(unsigned long, unsigned long))
/Users/evanbadger/Library/Application Support/Code/User/globalStorage/vexrobotics.vexcode/sdk/cpp/V5/V5_20240802_15_00_00/vexv5/libv5rt.a(vex_brain.cpp.obj)
                              build/src/screen.o (vex::brain::lcd::setCursor(long, long))
/Users/evanbadger/Library/Application Support/Code/User/globalStorage/vexrobotics.vexcode/sdk/cpp/V5/V5_20240802_15_00_00/vexv5/libv5rt.a(vex_competition.cpp.obj)
                              build/src/main.o (vex::competition::competition())
/Users/evanbadger/Library/Application Support/Code/User/globalStorage/vexrobotics.vexcode/sdk/cpp/V5/V5_20240802_15_00_00/vexv5/libv5rt.a(vex_triport.cpp.obj)
                              /Users/evanbadger/Library/Application Support/Code/User/globalStorage/vexrobotics.vexcode/sdk/cpp/V5/V5_20240802_15_00_00/vexv5/libv5rt.a(vex_brain.cpp.obj) (vex::triport::~triport())
[...]
Memory Configuration

Name             Origin             Length             Attributes
ps7_ddr_0_S_AXI_BASEADDR 0x0000000003800000 0x0000000004800000
*default*        0x0000000000000000 0xffffffffffffffff

Linker script and memory map

                0x0000000000002000                _STACK_SIZE = DEFINED (_STACK_SIZE)?_STACK_SIZE:0x2000
                0x0000000000100000                _HEAP_SIZE = DEFINED (_HEAP_SIZE)?_HEAP_SIZE:0x100000
                0x0000000000000400                _ABORT_STACK_SIZE = DEFINED (_ABORT_STACK_SIZE)?_ABORT_STACK_SIZE:0x400
                0x0000000000000800                _SUPERVISOR_STACK_SIZE = DEFINED (_SUPERVISOR_STACK_SIZE)?_SUPERVISOR_STACK_SIZE:0x800
                0x0000000000000400                _IRQ_STACK_SIZE = DEFINED (_IRQ_STACK_SIZE)?_IRQ_STACK_SIZE:0x400
                0x0000000000000400                _FIQ_STACK_SIZE = DEFINED (_FIQ_STACK_SIZE)?_FIQ_STACK_SIZE:0x400
                0x0000000000000400                _UNDEF_STACK_SIZE = DEFINED (_UNDEF_STACK_SIZE)?_UNDEF_STACK_SIZE:0x400

.text           0x0000000003800000     0x5950
 *(.vectors)
 *(.boot_data)
 .boot_data     0x0000000003800000       0x20 /Users/evanbadger/Library/Application Support/Code/User/globalStorage/vexrobotics.vexcode/sdk/cpp/V5/V5_20240802_15_00_00/vexv5/libv5rt.a(v5_startup.c.obj)
                0x0000000003800000                vexCodeSig
                0x0000000000000020                . = 0x20
 *(.boot)
 .boot          0x0000000003800020       0xbc /Users/evanbadger/Library/Application Support/Code/User/globalStorage/vexrobotics.vexcode/sdk/cpp/V5/V5_20240802_15_00_00/vexv5/libv5rt.a(v5_startup.c.obj)
                0x0000000003800020                vexStartup
                0x0000000003800100                . = ALIGN (0x40)
 *fill*         0x00000000038000dc       0x24 
 *(.freertos_vectors)
 *(.text)
 *(.text.*)
 .text._ZN5DriveC2EN3vex11motor_groupES1_ifffi
                0x0000000003800100       0xb0 build/src/Drive.o
                0x0000000003800100                Drive::Drive(vex::motor_group, vex::motor_group, int, float, float, float, int)
                0x0000000003800100                Drive::Drive(vex::motor_group, vex::motor_group, int, float, float, float, int)
 .text._ZN5Drive17setDriveConstantsEffffff
                0x00000000038001b0       0x24 build/src/Drive.o
                0x00000000038001b0                Drive::setDriveConstants(float, float, float, float, float, float)
 .text._ZN5Drive16setTurnConstantsEffffff
                0x00000000038001d4       0x24 build/src/Drive.o
                0x00000000038001d4                Drive::setTurnConstants(float, float, float, float, float, float)
 .text._ZN5Drive6arcadeEv
                0x00000000038001f8       0x98 build/src/Drive.o
                0x00000000038001f8                Drive::arcade()
 .text._ZN5Drive23getCurrentMotorPositionEv
                0x0000000003800290       0x80 build/src/Drive.o
                0x0000000003800290                Drive::getCurrentMotorPosition()
 .text._ZN5Drive11driveMotorsEff
                0x0000000003800310       0x6c build/src/Drive.o
                0x0000000003800310                Drive::driveMotors(float, float)
 .text._ZN5Drive13driveDistanceEf
                0x000000000380037c      0x22c build/src/Drive.o
                0x000000000380037c                Drive::driveDistance(float)
 .text._ZN5Drive14updatePositionEv
                0x00000000038005a8      0x1b8 build/src/Drive.o
                0x00000000038005a8                Drive::updatePosition()
 .text._ZN5Drive11setPositionEfff
                0x0000000003800760        0x8 build/src/Drive.o
                0x0000000003800760                Drive::setPosition(float, float, float)
 .text._GLOBAL__sub_I_Drive.cpp
                0x0000000003800768       0x34 build/src/Drive.o
 .text._ZN3PIDC2Effffff
                0x000000000380079c       0x34 build/src/PID.o
                0x000000000380079c                PID::PID(float, float, float, float, float, float)
                0x000000000380079c                PID::PID(float, float, float, float, float, float)
 .text._ZN3PID7computeEf
                0x00000000038007d0       0xc4 build/src/PID.o
                0x00000000038007d0                PID::compute(float)
 .text._ZN3PID9isSettledEv
                0x0000000003800894       0x44 build/src/PID.o
                0x0000000003800894                PID::isSettled()
 .text._GLOBAL__sub_I_PID.cpp
                0x00000000038008d8       0x34 build/src/PID.o
 .text._GLOBAL__sub_I_autonFunctions.cpp
                0x000000000380090c       0x34 build/src/autonFunctions.o
 .text._GLOBAL__sub_I_images.cpp
                0x0000000003800940       0x34 build/src/images.o
 .text._ZN3vex11motor_groupC2IJNS_5motorES2_S2_EEERS2_DpRT_
                0x0000000003800974       0x50 build/src/main.o
                0x0000000003800974                vex::motor_group::motor_group<vex::motor, vex::motor, vex::motor>(vex::motor&, vex::motor&, vex::motor&, vex::motor&)
 .text._ZN5DriveD2Ev
                0x00000000038009c4       0x28 build/src/main.o
                0x00000000038009c4                Drive::~Drive()
 .text._Z8preAutonv
                0x00000000038009ec      0x548 build/src/main.o
                0x00000000038009ec                preAuton()
 .text._Z22setDriveTrainConstantsv
                0x0000000003800f34       0x80 build/src/main.o
                0x0000000003800f34                setDriveTrainConstants()
 .text._Z10autonomousv
                0x0000000003800fb4       0x48 build/src/main.o
                0x0000000003800fb4                autonomous()
 .text._Z11usercontrolv
                0x0000000003800ffc      0x2ac build/src/main.o
                0x0000000003800ffc                usercontrol()
 .text.main     0x00000000038012a8       0x68 build/src/main.o
                0x00000000038012a8                main
 .text._GLOBAL__sub_I_main.cpp
                0x0000000003801310      0x13c build/src/main.o
 .text._ZN4OdomC2Efff
                0x000000000380144c        0xc build/src/odom.o
                0x000000000380144c                Odom::Odom(float, float, float)
                0x000000000380144c                Odom::Odom(float, float, float)
 .text._ZN4OdomC2Ev
                0x0000000003801458       0x1c build/src/odom.o
                0x0000000003801458                Odom::Odom()
                0x0000000003801458                Odom::Odom()
 .text._ZN4Odom11setPositionEfff
                0x0000000003801474        0xc build/src/odom.o
                0x0000000003801474                Odom::setPosition(float, float, float)
 .text._ZN4Odom24updatePositionTwoForwardEfff
                0x0000000003801480      0x248 build/src/odom.o
                0x0000000003801480                Odom::updatePositionTwoForward(float, float, float)
 .text._ZN4Odom24updatePositionOneForwardEfff
                0x00000000038016c8      0x230 build/src/odom.o
                0x00000000038016c8                Odom::updatePositionOneForward(float, float, float)
 .text._ZN4Odom21updatePositionTwoAt45Efff
                0x00000000038018f8      0x1e0 build/src/odom.o
                0x00000000038018f8                Odom::updatePositionTwoAt45(float, float, float)
 .text._GLOBAL__sub_I_robot_config.cpp
                0x0000000003801ad8      0x3a8 build/src/robot-config.o
 .text._ZN6Button4drawEN3vex5colorES1_NS0_8fontTypeESs
                0x0000000003801e80       0xac build/src/screen.o
                0x0000000003801e80                Button::draw(vex::color, vex::color, vex::fontType, std::string)
 .text._ZN6Button10checkPressEv
                0x0000000003801f2c       0x98 build/src/screen.o
                0x0000000003801f2c                Button::checkPress()
 .text._ZN4Text9printTextEv
                0x0000000003801fc4       0x48 build/src/screen.o
                0x0000000003801fc4                Text::printText()
 *fill*         0x000000000380200c        0x4 
 .text._Z18createAutonButtonsPN3vex5colorEPSsP6Button
                0x0000000003802010      0x438 build/src/screen.o
                0x0000000003802010                createAutonButtons(vex::color*, std::string*, Button*)
 .text._Z11clickButtonR6ButtonPS_
                0x0000000003802448      0x17c build/src/screen.o
                0x0000000003802448                clickButton(Button&, Button*)
 .text._Z24showAutonSelectionScreenP6Button
                0x00000000038025c4      0x264 build/src/screen.o
                0x00000000038025c4                showAutonSelectionScreen(Button*)
 .text._Z14drawBackgroundv
                0x0000000003802828       0x88 build/src/screen.o
                0x0000000003802828                drawBackground()
 .text._Z17checkButtonsPressP6Button
                0x00000000038028b0       0x50 build/src/screen.o
                0x00000000038028b0                checkButtonsPress(Button*)
 .text._Z20createPreAutonScreenR6ButtonR4Text
                0x0000000003802900      0x288 build/src/screen.o
                0x0000000003802900                createPreAutonScreen(Button&, Text&)
 .text._Z18showPreAutonScreenR6ButtonR4TextSs
                0x0000000003802b88      0x14c build/src/screen.o
                0x0000000003802b88                showPreAutonScreen(Button&, Text&, std::string)
 .text._Z19checkPreAutonButton6Button
                0x0000000003802cd4        0x4 build/src/screen.o
                0x0000000003802cd4                checkPreAutonButton(Button)
 .text._GLOBAL__sub_I_screen.cpp
                0x0000000003802cd8       0x34 build/src/screen.o
 .text._Z5clampfff
                0x0000000003802d0c       0x2c build/src/util.o
                0x0000000003802d0c                clamp(float, float, float)
 .text._Z8degTo180f
                0x0000000003802d38       0x78 build/src/util.o
                0x0000000003802d38                degTo180(float)
 .text._Z11degToInchesff
                0x0000000003802db0       0x3c build/src/util.o
                0x0000000003802db0                degToInches(float, float)
 *fill*         0x0000000003802dec        0x4 
 .text._Z8degToRadf
                0x0000000003802df0       0x28 build/src/util.o
                0x0000000003802df0                degToRad(float)
 .text._Z11writeToCardSsf
                0x0000000003802e18       0x68 build/src/util.o
                0x0000000003802e18                writeToCard(std::string, float)
 .text.vexMain  0x0000000003802e80       0xb0 /Users/evanbadger/Library/Application Support/Code/User/globalStorage/vexrobotics.vexcode/sdk/cpp/V5/V5_20240802_15_00_00/vexv5/libv5rt.a(v5_startup.c.obj)
                0x0000000003802e80                vexMain
 .text.__vex_function_prolog
                0x0000000003802f30       0x18 /Users/evanbadger/Library/Application Support/Code/User/globalStorage/vexrobotics.vexcode/sdk/cpp/V5/V5_20240802_15_00_00/vexv5/libv5rt.a(v5_startup.c.obj)
                0x0000000003802f30                __vex_function_prolog
 .text._init    0x0000000003802f48        0x4 /Users/evanbadger/Library/Application Support/Code/User/globalStorage/vexrobotics.vexcode/sdk/cpp/V5/V5_20240802_15_00_00/vexv5/libv5rt.a(v5_startup.c.obj)
                0x0000000003802f48                _init
 .text._fini    0x0000000003802f4c        0x4 /Users/evanbadger/Library/Application Support/Code/User/globalStorage/vexrobotics.vexcode/sdk/cpp/V5/V5_20240802_15_00_00/vexv5/libv5rt.a(v5_startup.c.obj)
                0x0000000003802f4c                _fini
 .text.vexStdlibVersionLinked
                0x0000000003802f50        0xc /Users/evanbadger/Library/Application Support/Code/User/globalStorage/vexrobotics.vexcode/sdk/cpp/V5/V5_20240802_15_00_00/vexv5/libv5rt.a(v5_util.c.obj)
                0x0000000003802f50                vexStdlibVersionLinked
 .text.vexStdlibVersionVerify
                0x0000000003802f5c       0x30 /Users/evanbadger/Library/Application Support/Code/User/globalStorage/vexrobotics.vexcode/sdk/cpp/V5/V5_20240802_15_00_00/vexv5/libv5rt.a(v5_util.c.obj)
                0x0000000003802f5c                vexStdlibVersionVerify
 .text.vexPrivateApiEnable
                0x0000000003802f8c       0x10 /Users/evanbadger/Library/Application Support/Code/User/globalStorage/vexrobotics.vexcode/sdk/cpp/V5/V5_20240802_15_00_00/vexv5/libv5rt.a(v5_apijump.c.obj)
                0x0000000003802f8c                vexPrivateApiEnable
 .text.vexStdlibMismatchError
                0x0000000003802f9c       0x3c /Users/evanbadger/Library/Application Support/Code/User/globalStorage/vexrobotics.vexcode/sdk/cpp/V5/V5_20240802_15_00_00/vexv5/libv5rt.a(v5_apijump.c.obj)
                0x0000000003802f9c                vexStdlibMismatchError
 .text.vexTaskAdd
                0x0000000003802fd8       0x10 /Users/evanbadger/Library/Application Support/Code/User/globalStorage/vexrobotics.vexcode/sdk/cpp/V5/V5_20240802_15_00_00/vexv5/libv5rt.a(v5_apijump.c.obj)
                0x0000000003802fd8                vexTaskAdd
 .text.vexTasksRun
                0x0000000003802fe8       0x10 /Users/evanbadger/Library/Application Support/Code/User/globalStorage/vexrobotics.vexcode/sdk/cpp/V5/V5_20240802_15_00_00/vexv5/libv5rt.a(v5_apijump.c.obj)
                0x0000000003802fe8                vexTasksRun
 .text.vexTaskYield
                0x0000000003802ff8       0x10 /Users/evanbadger/Library/Application Support/Code/User/globalStorage/vexrobotics.vexcode/sdk/cpp/V5/V5_20240802_15_00_00/vexv5/libv5rt.a(v5_apijump.c.obj)
                0x0000000003802ff8                vexTaskYield
 .text.vexTaskCheckTimeslice
                0x0000000003803008       0x10 /Users/evanbadger/Library/Application Support/Code/User/globalStorage/vexrobotics.vexcode/sdk/cpp/V5/V5_20240802_15_00_00/vexv5/libv5rt.a(v5_apijump.c.obj)
                0x0000000003803008                vexTaskCheckTimeslice
 .text.vexTaskSleep
                0x0000000003803018       0x10 /Users/evanbadger/Library/Application Support/Code/User/globalStorage/vexrobotics.vexcode/sdk/cpp/V5/V5_20240802_15_00_00/vexv5/libv5rt.a(v5_apijump.c.obj)
                0x0000000003803018                vexTaskSleep
 .text.vexTasksDump
                0x0000000003803028       0x1c /Users/evanbadger/Library/Application Support/Code/User/globalStorage/vexrobotics.vexcode/sdk/cpp/V5/V5_20240802_15_00_00/vexv5/libv5rt.a(v5_apijump.c.obj)
                0x0000000003803028                vexTasksDump
 .text.vexTaskGetTaskIndex
                0x0000000003803044       0x10 /Users/evanbadger/Library/Application Support/Code/User/globalStorage/vexrobotics.vexcode/sdk/cpp/V5/V5_20240802_15_00_00/vexv5/libv5rt.a(v5_apijump.c.obj)
                0x0000000003803044                vexTaskGetTaskIndex
 .text.vexTaskStopAll
                0x0000000003803054       0x10 /Users/evanbadger/Library/Application Support/Code/User/globalStorage/vexrobotics.vexcode/sdk/cpp/V5/V5_20240802_15_00_00/vexv5/libv5rt.a(v5_apijump.c.obj)
                0x0000000003803054                vexTaskStopAll
 .text.vexTaskRemoveAllUser
                0x0000000003803064       0x34 /Users/evanbadger/Library/Application Support/Code/User/globalStorage/vexrobotics.vexcode/sdk/cpp/V5/V5_20240802_15_00_00/vexv5/libv5rt.a(v5_apijump.c.obj)
                0x0000000003803064                vexTaskRemoveAllUser
 .text.vexTaskCompletionIdSet
                0x0000000003803098       0x10 /Users/evanbadger/Library/Application Support/Code/User/globalStorage/vexrobotics.vexcode/sdk/cpp/V5/V5_20240802_15_00_00/vexv5/libv5rt.a(v5_apijump.c.obj)
                0x0000000003803098                vexTaskCompletionIdSet
 .text.vexTaskStopWithId
                0x00000000038030a8       0x10 /Users/evanbadger/Library/Application Support/Code/User/globalStorage/vexrobotics.vexcode/sdk/cpp/V5/V5_20240802_15_00_00/vexv5/libv5rt.a(v5_apijump.c.obj)
                0x00000000038030a8                vexTaskStopWithId
 .text.vexCriticalSection
                0x00000000038030b8       0x2c /Users/evanbadger/Library/Application Support/Code/User/globalStorage/vexrobotics.vexcode/sdk/cpp/V5/V5_20240802_15_00_00/vexv5/libv5rt.a(v5_apijump.c.obj)
                0x00000000038030b8                vexCriticalSection
 .text.vexEventAdd
                0x00000000038030e4       0x34 /Users/evanbadger/Library/Application Support/Code/User/globalStorage/vexrobotics.vexcode/sdk/cpp/V5/V5_20240802_15_00_00/vexv5/libv5rt.a(v5_apijump.c.obj)
                0x00000000038030e4                vexEventAdd
 .text.vexEventUserIndexGet
                0x0000000003803118       0x1c /Users/evanbadger/Library/Application Support/Code/User/globalStorage/vexrobotics.vexcode/sdk/cpp/V5/V5_20240802_15_00_00/vexv5/libv5rt.a(v5_apijump.c.obj)
                0x0000000003803118                vexEventUserIndexGet
 .text.vexEventAddWithArg
                0x0000000003803134       0x3c /Users/evanbadger/Library/Application Support/Code/User/globalStorage/vexrobotics.vexcode/sdk/cpp/V5/V5_20240802_15_00_00/vexv5/libv5rt.a(v5_apijump.c.obj)
                0x0000000003803134                vexEventAddWithArg
 .text.vexEventsCleanup
                0x0000000003803170       0x2c /Users/evanbadger/Library/Application Support/Code/User/globalStorage/vexrobotics.vexcode/sdk/cpp/V5/V5_20240802_15_00_00/vexv5/libv5rt.a(v5_apijump.c.obj)
                0x0000000003803170                vexEventsCleanup
 .text.vexDebug
                0x000000000380319c       0x38 /Users/evanbadger/Library/Application Support/Code/User/globalStorage/vexrobotics.vexcode/sdk/cpp/V5/V5_20240802_15_00_00/vexv5/libv5rt.a(v5_apijump.c.obj)
                0x000000000380319c                vexDebug
 .text.vex_sprintf
                0x00000000038031d4       0x40 /Users/evanbadger/Library/Application Support/Code/User/globalStorage/vexrobotics.vexcode/sdk/cpp/V5/V5_20240802_15_00_00/vexv5/libv5rt.a(v5_apijump.c.obj)
                0x00000000038031d4                vex_sprintf
 .text.vex_vsnprintf
                0x0000000003803214       0x3c /Users/evanbadger/Library/Application Support/Code/User/globalStorage/vexrobotics.vexcode/sdk/cpp/V5/V5_20240802_15_00_00/vexv5/libv5rt.a(v5_apijump.c.obj)
                0x0000000003803214                vex_vsnprintf
 .text.vexSystemTimeGet
                0x0000000003803250       0x1c /Users/evanbadger/Library/Application Support/Code/User/globalStorage/vexrobotics.vexcode/sdk/cpp/V5/V5_20240802_15_00_00/vexv5/libv5rt.a(v5_apijump.c.obj)
                0x0000000003803250                vexSystemTimeGet
 .text.vexSystemExitRequest
                0x000000000380326c       0x1c /Users/evanbadger/Library/Application Support/Code/User/globalStorage/vexrobotics.vexcode/sdk/cpp/V5/V5_20240802_15_00_00/vexv5/libv5rt.a(v5_apijump.c.obj)
                0x000000000380326c                vexSystemExitRequest
 .text.vexDeviceGetByIndex
                0x0000000003803288       0x24 /Users/evanbadger/Library/Application Support/Code/User/globalStorage/vexrobotics.vexcode/sdk/cpp/V5/V5_20240802_15_00_00/vexv5/libv5rt.a(v5_apijump.c.obj)
                0x0000000003803288                vexDeviceGetByIndex
 .text.vexControllerGet
                0x00000000038032ac       0x2c /Users/evanbadger/Library/Application Support/Code/User/globalStorage/vexrobotics.vexcode/sdk/cpp/V5/V5_20240802_15_00_00/vexv5/libv5rt.a(v5_apijump.c.obj)
                0x00000000038032ac                vexControllerGet
 .text.vexControllerTextSet
                0x00000000038032d8       0x74 /Users/evanbadger/Library/Application Support/Code/User/globalStorage/vexrobotics.vexcode/sdk/cpp/V5/V5_20240802_15_00_00/vexv5/libv5rt.a(v5_apijump.c.obj)
                0x00000000038032d8                vexControllerTextSet
 .text.vexDeviceMotorVelocitySet
                0x000000000380334c       0x2c /Users/evanbadger/Library/Application Support/Code/User/globalStorage/vexrobotics.vexcode/sdk/cpp/V5/V5_20240802_15_00_00/vexv5/libv5rt.a(v5_apijump.c.obj)
                0x000000000380334c                vexDeviceMotorVelocitySet
 .text.vexDeviceMotorVoltageSet
                0x0000000003803378       0x2c /Users/evanbadger/Library/Application Support/Code/User/globalStorage/vexrobotics.vexcode/sdk/cpp/V5/V5_20240802_15_00_00/vexv5/libv5rt.a(v5_apijump.c.obj)
                0x0000000003803378                vexDeviceMotorVoltageSet
 .text.vexDeviceMotorActualVelocityGet
                0x00000000038033a4       0x24 /Users/evanbadger/Library/Application Support/Code/User/globalStorage/vexrobotics.vexcode/sdk/cpp/V5/V5_20240802_15_00_00/vexv5/libv5rt.a(v5_apijump.c.obj)
                0x00000000038033a4                vexDeviceMotorActualVelocityGet
 .text.vexDeviceMotorReverseFlagSet
                0x00000000038033c8       0x2c /Users/evanbadger/Library/Application Support/Code/User/globalStorage/vexrobotics.vexcode/sdk/cpp/V5/V5_20240802_15_00_00/vexv5/libv5rt.a(v5_apijump.c.obj)
                0x00000000038033c8                vexDeviceMotorReverseFlagSet
 .text.vexDeviceMotorEncoderUnitsSet
                0x00000000038033f4       0x2c /Users/evanbadger/Library/Application Support/Code/User/globalStorage/vexrobotics.vexcode/sdk/cpp/V5/V5_20240802_15_00_00/vexv5/libv5rt.a(v5_apijump.c.obj)
                0x00000000038033f4                vexDeviceMotorEncoderUnitsSet
 .text.vexDeviceMotorBrakeModeSet
                0x0000000003803420       0x2c /Users/evanbadger/Library/Application Support/Code/User/globalStorage/vexrobotics.vexcode/sdk/cpp/V5/V5_20240802_15_00_00/vexv5/libv5rt.a(v5_apijump.c.obj)
                0x0000000003803420                vexDeviceMotorBrakeModeSet
 .text.vexDeviceMotorPositionSet
                0x000000000380344c       0x34 /Users/evanbadger/Library/Application Support/Code/User/globalStorage/vexrobotics.vexcode/sdk/cpp/V5/V5_20240802_15_00_00/vexv5/libv5rt.a(v5_apijump.c.obj)
                0x000000000380344c                vexDeviceMotorPositionSet
 .text.vexDeviceMotorPositionGet
                0x0000000003803480       0x24 /Users/evanbadger/Library/Application Support/Code/User/globalStorage/vexrobotics.vexcode/sdk/cpp/V5/V5_20240802_15_00_00/vexv5/libv5rt.a(v5_apijump.c.obj)
                0x0000000003803480                vexDeviceMotorPositionGet
 .text.vexDeviceMotorGearingSet
                0x00000000038034a4       0x2c /Users/evanbadger/Library/Application Support/Code/User/globalStorage/vexrobotics.vexcode/sdk/cpp/V5/V5_20240802_15_00_00/vexv5/libv5rt.a(v5_apijump.c.obj)
                0x00000000038034a4                vexDeviceMotorGearingSet
 .text.vexDeviceMotorGearingGet
                0x00000000038034d0       0x24 /Users/evanbadger/Library/Application Support/Code/User/globalStorage/vexrobotics.vexcode/sdk/cpp/V5/V5_20240802_15_00_00/vexv5/libv5rt.a(v5_apijump.c.obj)
                0x00000000038034d0                vexDeviceMotorGearingGet
 .text.vexDeviceImuReset
                0x00000000038034f4       0x24 /Users/evanbadger/Library/Application Support/Code/User/globalStorage/vexrobotics.vexcode/sdk/cpp/V5/V5_20240802_15_00_00/vexv5/libv5rt.a(v5_apijump.c.obj)
                0x00000000038034f4                vexDeviceImuReset
 .text.vexDeviceImuHeadingGet
                0x0000000003803518       0x24 /Users/evanbadger/Library/Application Support/Code/User/globalStorage/vexrobotics.vexcode/sdk/cpp/V5/V5_20240802_15_00_00/vexv5/libv5rt.a(v5_apijump.c.obj)
                0x0000000003803518                vexDeviceImuHeadingGet
 .text.vexDeviceImuDegreesGet
                0x000000000380353c       0x24 /Users/evanbadger/Library/Application Support/Code/User/globalStorage/vexrobotics.vexcode/sdk/cpp/V5/V5_20240802_15_00_00/vexv5/libv5rt.a(v5_apijump.c.obj)
                0x000000000380353c                vexDeviceImuDegreesGet
 .text.vexDeviceImuStatusGet
                0x0000000003803560       0x24 /Users/evanbadger/Library/Application Support/Code/User/globalStorage/vexrobotics.vexcode/sdk/cpp/V5/V5_20240802_15_00_00/vexv5/libv5rt.a(v5_apijump.c.obj)
                0x0000000003803560                vexDeviceImuStatusGet
 .text.vexDeviceAbsEncPositionSet
                0x0000000003803584       0x2c /Users/evanbadger/Library/Application Support/Code/User/globalStorage/vexrobotics.vexcode/sdk/cpp/V5/V5_20240802_15_00_00/vexv5/libv5rt.a(v5_apijump.c.obj)
                0x0000000003803584                vexDeviceAbsEncPositionSet
 .text.vexDeviceAbsEncPositionGet
                0x00000000038035b0       0x24 /Users/evanbadger/Library/Application Support/Code/User/globalStorage/vexrobotics.vexcode/sdk/cpp/V5/V5_20240802_15_00_00/vexv5/libv5rt.a(v5_apijump.c.obj)
                0x00000000038035b0                vexDeviceAbsEncPositionGet
 .text.vexDeviceAbsEncAngleGet
                0x00000000038035d4       0x24 /Users/evanbadger/Library/Application Support/Code/User/globalStorage/vexrobotics.vexcode/sdk/cpp/V5/V5_20240802_15_00_00/vexv5/libv5rt.a(v5_apijump.c.obj)
                0x00000000038035d4                vexDeviceAbsEncAngleGet
 .text.vexDeviceAbsEncReverseFlagSet
                0x00000000038035f8       0x2c /Users/evanbadger/Library/Application Support/Code/User/globalStorage/vexrobotics.vexcode/sdk/cpp/V5/V5_20240802_15_00_00/vexv5/libv5rt.a(v5_apijump.c.obj)
                0x00000000038035f8                vexDeviceAbsEncReverseFlagSet
 .text.vexDisplayForegroundColor
                0x0000000003803624       0x24 /Users/evanbadger/Library/Application Support/Code/User/globalStorage/vexrobotics.vexcode/sdk/cpp/V5/V5_20240802_15_00_00/vexv5/libv5rt.a(v5_apijump.c.obj)
                0x0000000003803624                vexDisplayForegroundColor
 .text.vexDisplayBackgroundColor
                0x0000000003803648       0x24 /Users/evanbadger/Library/Application Support/Code/User/globalStorage/vexrobotics.vexcode/sdk/cpp/V5/V5_20240802_15_00_00/vexv5/libv5rt.a(v5_apijump.c.obj)
                0x0000000003803648                vexDisplayBackgroundColor
 .text.vexDisplayBackgroundColorGet
                0x000000000380366c       0x1c /Users/evanbadger/Library/Application Support/Code/User/globalStorage/vexrobotics.vexcode/sdk/cpp/V5/V5_20240802_15_00_00/vexv5/libv5rt.a(v5_apijump.c.obj)
                0x000000000380366c                vexDisplayBackgroundColorGet
 .text.vexDisplayRectDraw
                0x0000000003803688       0x4c /Users/evanbadger/Library/Application Support/Code/User/globalStorage/vexrobotics.vexcode/sdk/cpp/V5/V5_20240802_15_00_00/vexv5/libv5rt.a(v5_apijump.c.obj)
                0x0000000003803688                vexDisplayRectDraw
 .text.vexDisplayRectClear
                0x00000000038036d4       0x4c /Users/evanbadger/Library/Application Support/Code/User/globalStorage/vexrobotics.vexcode/sdk/cpp/V5/V5_20240802_15_00_00/vexv5/libv5rt.a(v5_apijump.c.obj)
                0x00000000038036d4                vexDisplayRectClear
 .text.vexDisplayVPrintf
                0x0000000003803720       0x50 /Users/evanbadger/Library/Application Support/Code/User/globalStorage/vexrobotics.vexcode/sdk/cpp/V5/V5_20240802_15_00_00/vexv5/libv5rt.a(v5_apijump.c.obj)
                0x0000000003803720                vexDisplayVPrintf
 .text.vexDisplayTextReference
                0x0000000003803770       0x24 /Users/evanbadger/Library/Application Support/Code/User/globalStorage/vexrobotics.vexcode/sdk/cpp/V5/V5_20240802_15_00_00/vexv5/libv5rt.a(v5_apijump.c.obj)
                0x0000000003803770                vexDisplayTextReference
 .text.vexDisplayTextSize
                0x0000000003803794       0x2c /Users/evanbadger/Library/Application Support/Code/User/globalStorage/vexrobotics.vexcode/sdk/cpp/V5/V5_20240802_15_00_00/vexv5/libv5rt.a(v5_apijump.c.obj)
                0x0000000003803794                vexDisplayTextSize
 .text.vexDisplayFontNamedSet
                0x00000000038037c0       0x24 /Users/evanbadger/Library/Application Support/Code/User/globalStorage/vexrobotics.vexcode/sdk/cpp/V5/V5_20240802_15_00_00/vexv5/libv5rt.a(v5_apijump.c.obj)
                0x00000000038037c0                vexDisplayFontNamedSet
 .text.vexDisplayStringWidthGet
                0x00000000038037e4       0x24 /Users/evanbadger/Library/Application Support/Code/User/globalStorage/vexrobotics.vexcode/sdk/cpp/V5/V5_20240802_15_00_00/vexv5/libv5rt.a(v5_apijump.c.obj)
                0x00000000038037e4                vexDisplayStringWidthGet
 .text.vexDisplayPenSizeGet
                0x0000000003803808       0x1c /Users/evanbadger/Library/Application Support/Code/User/globalStorage/vexrobotics.vexcode/sdk/cpp/V5/V5_20240802_15_00_00/vexv5/libv5rt.a(v5_apijump.c.obj)
                0x0000000003803808                vexDisplayPenSizeGet
 .text.vexSystemStdlibImpureDataAddr
                0x0000000003803824       0x28 /Users/evanbadger/Library/Application Support/Code/User/globalStorage/vexrobotics.vexcode/sdk/cpp/V5/V5_20240802_15_00_00/vexv5/libv5rt.a(v5_apijump.c.obj)
                0x0000000003803824                vexSystemStdlibImpureDataAddr
 .text.vexSystemStdlibImpureDataSize
                0x000000000380384c       0x28 /Users/evanbadger/Library/Application Support/Code/User/globalStorage/vexrobotics.vexcode/sdk/cpp/V5/V5_20240802_15_00_00/vexv5/libv5rt.a(v5_apijump.c.obj)
                0x000000000380384c                vexSystemStdlibImpureDataSize
 .text.vexSystemSaveUserData
                0x0000000003803874       0x3c /Users/evanbadger/Library/Application Support/Code/User/globalStorage/vexrobotics.vexcode/sdk/cpp/V5/V5_20240802_15_00_00/vexv5/libv5rt.a(v5_apijump.c.obj)
                0x0000000003803874                vexSystemSaveUserData
 .text.vexTouchDataGet
                0x00000000038038b0       0x10 /Users/evanbadger/Library/Application Support/Code/User/globalStorage/vexrobotics.vexcode/sdk/cpp/V5/V5_20240802_15_00_00/vexv5/libv5rt.a(v5_apijump.c.obj)
                0x00000000038038b0                vexTouchDataGet
 .text.vexDisplayThemeIdGet
                0x00000000038038c0       0x38 /Users/evanbadger/Library/Application Support/Code/User/globalStorage/vexrobotics.vexcode/sdk/cpp/V5/V5_20240802_15_00_00/vexv5/libv5rt.a(v5_apijump.c.obj)
                0x00000000038038c0                vexDisplayThemeIdGet
 .text.vexDeviceEventMaskSet
                0x00000000038038f8       0x48 /Users/evanbadger/Library/Application Support/Code/User/globalStorage/vexrobotics.vexcode/sdk/cpp/V5/V5_20240802_15_00_00/vexv5/libv5rt.a(v5_apijump.c.obj)
                0x00000000038038f8                vexDeviceEventMaskSet
 .text.vexDeviceEventMaskGet
                0x0000000003803940       0x3c /Users/evanbadger/Library/Application Support/Code/User/globalStorage/vexrobotics.vexcode/sdk/cpp/V5/V5_20240802_15_00_00/vexv5/libv5rt.a(v5_apijump.c.obj)
                0x0000000003803940                vexDeviceEventMaskGet
 .text.vexSystemVersion
                0x000000000380397c       0x10 /Users/evanbadger/Library/Application Support/Code/User/globalStorage/vexrobotics.vexcode/sdk/cpp/V5/V5_20240802_15_00_00/vexv5/libv5rt.a(v5_apiversions.c.obj)
                0x000000000380397c                vexSystemVersion
 .text.vexStdlibVersion
                0x000000000380398c       0x10 /Users/evanbadger/Library/Application Support/Code/User/globalStorage/vexrobotics.vexcode/sdk/cpp/V5/V5_20240802_15_00_00/vexv5/libv5rt.a(v5_apiversions.c.obj)
                0x000000000380398c                vexStdlibVersion
 *fill*         0x000000000380399c        0x4 
 .text._ZN3vex4waitEdNS_9timeUnitsE
                0x00000000038039a0       0x30 /Users/evanbadger/Library/Application Support/Code/User/globalStorage/vexrobotics.vexcode/sdk/cpp/V5/V5_20240802_15_00_00/vexv5/libv5rt.a(vex_global.cpp.obj)
                0x00000000038039a0                vex::wait(double, vex::timeUnits)
 .text._ZN3vex5motorD2Ev
                0x00000000038039d0       0x20 /Users/evanbadger/Library/Application Support/Code/User/globalStorage/vexrobotics.vexcode/sdk/cpp/V5/V5_20240802_15_00_00/vexv5/libv5rt.a(vex_motor.cpp.obj)
                0x00000000038039d0                vex::motor::~motor()
                0x00000000038039d0                vex::motor::~motor()
 .text._ZN3vex5motorD0Ev
                0x00000000038039f0       0x1c /Users/evanbadger/Library/Application Support/Code/User/globalStorage/vexrobotics.vexcode/sdk/cpp/V5/V5_20240802_15_00_00/vexv5/libv5rt.a(vex_motor.cpp.obj)
                0x00000000038039f0                vex::motor::~motor()
 .text._ZN3vex5motor9installedEv
                0x0000000003803a0c       0x18 /Users/evanbadger/Library/Application Support/Code/User/globalStorage/vexrobotics.vexcode/sdk/cpp/V5/V5_20240802_15_00_00/vexv5/libv5rt.a(vex_motor.cpp.obj)
                0x0000000003803a0c                vex::motor::installed()
 .text._ZN3vex5motor15defaultStoppingENS_9brakeTypeE
                0x0000000003803a24       0x30 /Users/evanbadger/Library/Application Support/Code/User/globalStorage/vexrobotics.vexcode/sdk/cpp/V5/V5_20240802_15_00_00/vexv5/libv5rt.a(vex_motor.cpp.obj)
                0x0000000003803a24                vex::motor::defaultStopping(vex::brakeType)
 .text._ZN3vex5motorC2El
                0x0000000003803a54       0x78 /Users/evanbadger/Library/Application Support/Code/User/globalStorage/vexrobotics.vexcode/sdk/cpp/V5/V5_20240802_15_00_00/vexv5/libv5rt.a(vex_motor.cpp.obj)
                0x0000000003803a54                vex::motor::motor(long)
                0x0000000003803a54                vex::motor::motor(long)
 .text._ZN3vex5motorC2ElNS_11gearSettingEb
                0x0000000003803acc       0x34 /Users/evanbadger/Library/Application Support/Code/User/globalStorage/vexrobotics.vexcode/sdk/cpp/V5/V5_20240802_15_00_00/vexv5/libv5rt.a(vex_motor.cpp.obj)
                0x0000000003803acc                vex::motor::motor(long, vex::gearSetting, bool)
                0x0000000003803acc                vex::motor::motor(long, vex::gearSetting, bool)
 .text._ZN3vex5motor4spinENS_13directionTypeEdNS_12voltageUnitsE
                0x0000000003803b00       0x50 /Users/evanbadger/Library/Application Support/Code/User/globalStorage/vexrobotics.vexcode/sdk/cpp/V5/V5_20240802_15_00_00/vexv5/libv5rt.a(vex_motor.cpp.obj)
                0x0000000003803b00                vex::motor::spin(vex::directionType, double, vex::voltageUnits)
 .text._ZN3vex5motor16velocityToScaledEdNS_13velocityUnitsE
                0x0000000003803b50       0x5c /Users/evanbadger/Library/Application Support/Code/User/globalStorage/vexrobotics.vexcode/sdk/cpp/V5/V5_20240802_15_00_00/vexv5/libv5rt.a(vex_motor.cpp.obj)
                0x0000000003803b50                vex::motor::velocityToScaled(double, vex::velocityUnits)
 .text._ZN3vex5motor8velocityENS_13velocityUnitsE
                0x0000000003803bac       0x30 /Users/evanbadger/Library/Application Support/Code/User/globalStorage/vexrobotics.vexcode/sdk/cpp/V5/V5_20240802_15_00_00/vexv5/libv5rt.a(vex_motor.cpp.obj)
                0x0000000003803bac                vex::motor::velocity(vex::velocityUnits)
 .text._ZN3vex5motor5valueEv
                0x0000000003803bdc       0x1c /Users/evanbadger/Library/Application Support/Code/User/globalStorage/vexrobotics.vexcode/sdk/cpp/V5/V5_20240802_15_00_00/vexv5/libv5rt.a(vex_motor.cpp.obj)
                0x0000000003803bdc                vex::motor::value()
 .text._ZN3vex5motor16scaledToVelocityEdNS_13velocityUnitsE
                0x0000000003803bf8       0xa4 /Users/evanbadger/Library/Application Support/Code/User/globalStorage/vexrobotics.vexcode/sdk/cpp/V5/V5_20240802_15_00_00/vexv5/libv5rt.a(vex_motor.cpp.obj)
                0x0000000003803bf8                vex::motor::scaledToVelocity(double, vex::velocityUnits)
 .text._ZN3vex5motor4spinENS_13directionTypeEdNS_13velocityUnitsE
                0x0000000003803c9c       0x5c /Users/evanbadger/Library/Application Support/Code/User/globalStorage/vexrobotics.vexcode/sdk/cpp/V5/V5_20240802_15_00_00/vexv5/libv5rt.a(vex_motor.cpp.obj)
                0x0000000003803c9c                vex::motor::spin(vex::directionType, double, vex::velocityUnits)
 .text._ZN3vex5motor16setRotationUnitsENS_13rotationUnitsE
                0x0000000003803cf8       0x1c /Users/evanbadger/Library/Application Support/Code/User/globalStorage/vexrobotics.vexcode/sdk/cpp/V5/V5_20240802_15_00_00/vexv5/libv5rt.a(vex_motor.cpp.obj)
                0x0000000003803cf8                vex::motor::setRotationUnits(vex::rotationUnits)
 .text._ZN3vex5motor8positionENS_13rotationUnitsE
                0x0000000003803d14       0x44 /Users/evanbadger/Library/Application Support/Code/User/globalStorage/vexrobotics.vexcode/sdk/cpp/V5/V5_20240802_15_00_00/vexv5/libv5rt.a(vex_motor.cpp.obj)
                0x0000000003803d14                vex::motor::position(vex::rotationUnits)
 .text._ZN3vex8inertial11getTurnTypeEv
                0x0000000003803d58        0x8 /Users/evanbadger/Library/Application Support/Code/User/globalStorage/vexrobotics.vexcode/sdk/cpp/V5/V5_20240802_15_00_00/vexv5/libv5rt.a(vex_imu.cpp.obj)
                0x0000000003803d58                vex::inertial::getTurnType()
 .text._ZThn16_N3vex8inertial11getTurnTypeEv
                0x0000000003803d60        0x8 /Users/evanbadger/Library/Application Support/Code/User/globalStorage/vexrobotics.vexcode/sdk/cpp/V5/V5_20240802_15_00_00/vexv5/libv5rt.a(vex_imu.cpp.obj)
                0x0000000003803d60                non-virtual thunk to vex::inertial::getTurnType()
 .text._ZN3vex8inertial10setHeadingEdNS_13rotationUnitsE
                0x0000000003803d68       0x58 /Users/evanbadger/Library/Application Support/Code/User/globalStorage/vexrobotics.vexcode/sdk/cpp/V5/V5_20240802_15_00_00/vexv5/libv5rt.a(vex_imu.cpp.obj)
                0x0000000003803d68                vex::inertial::setHeading(double, vex::rotationUnits)
 .text._ZThn16_N3vex8inertial10setHeadingEdNS_13rotationUnitsE
                0x0000000003803dc0        0x8 /Users/evanbadger/Library/Application Support/Code/User/globalStorage/vexrobotics.vexcode/sdk/cpp/V5/V5_20240802_15_00_00/vexv5/libv5rt.a(vex_imu.cpp.obj)
                0x0000000003803dc0                non-virtual thunk to vex::inertial::setHeading(double, vex::rotationUnits)
 .text._ZN3vex8inertial11setRotationEdNS_13rotationUnitsE
                0x0000000003803dc8       0x58 /Users/evanbadger/Library/Application Support/Code/User/globalStorage/vexrobotics.vexcode/sdk/cpp/V5/V5_20240802_15_00_00/vexv5/libv5rt.a(vex_imu.cpp.obj)
                0x0000000003803dc8                vex::inertial::setRotation(double, vex::rotationUnits)
 .text._ZThn16_N3vex8inertial11setRotationEdNS_13rotationUnitsE
                0x0000000003803e20        0x8 /Users/evanbadger/Library/Application Support/Code/User/globalStorage/vexrobotics.vexcode/sdk/cpp/V5/V5_20240802_15_00_00/vexv5/libv5rt.a(vex_imu.cpp.obj)
                0x0000000003803e20                non-virtual thunk to vex::inertial::setRotation(double, vex::rotationUnits)
 .text._ZN3vex8inertialD2Ev
                0x0000000003803e28       0x20 /Users/evanbadger/Library/Application Support/Code/User/globalStorage/vexrobotics.vexcode/sdk/cpp/V5/V5_20240802_15_00_00/vexv5/libv5rt.a(vex_imu.cpp.obj)
                0x0000000003803e28                vex::inertial::~inertial()
                0x0000000003803e28                vex::inertial::~inertial()
 .text._ZThn16_N3vex8inertialD1Ev
                0x0000000003803e48        0x8 /Users/evanbadger/Library/Application Support/Code/User/globalStorage/vexrobotics.vexcode/sdk/cpp/V5/V5_20240802_15_00_00/vexv5/libv5rt.a(vex_imu.cpp.obj)
                0x0000000003803e48                non-virtual thunk to vex::inertial::~inertial()
 .text._ZN3vex8inertialD0Ev
                0x0000000003803e50       0x1c /Users/evanbadger/Library/Application Support/Code/User/globalStorage/vexrobotics.vexcode/sdk/cpp/V5/V5_20240802_15_00_00/vexv5/libv5rt.a(vex_imu.cpp.obj)
                0x0000000003803e50                vex::inertial::~inertial()
 .text._ZThn16_N3vex8inertialD0Ev
                0x0000000003803e6c        0x8 /Users/evanbadger/Library/Application Support/Code/User/globalStorage/vexrobotics.vexcode/sdk/cpp/V5/V5_20240802_15_00_00/vexv5/libv5rt.a(vex_imu.cpp.obj)
                0x0000000003803e6c                non-virtual thunk to vex::inertial::~inertial()
 .text._ZN3vex8inertial9installedEv
                0x0000000003803e74       0x18 /Users/evanbadger/Library/Application Support/Code/User/globalStorage/vexrobotics.vexcode/sdk/cpp/V5/V5_20240802_15_00_00/vexv5/libv5rt.a(vex_imu.cpp.obj)
                0x0000000003803e74                vex::inertial::installed()
 .text._ZN3vex8inertial5angleENS_13rotationUnitsE
                0x0000000003803e8c       0x6c /Users/evanbadger/Library/Application Support/Code/User/globalStorage/vexrobotics.vexcode/sdk/cpp/V5/V5_20240802_15_00_00/vexv5/libv5rt.a(vex_imu.cpp.obj)
                0x0000000003803e8c                vex::inertial::angle(vex::rotationUnits)
 .text._ZThn16_N3vex8inertial5angleENS_13rotationUnitsE
                0x0000000003803ef8        0x8 /Users/evanbadger/Library/Application Support/Code/User/globalStorage/vexrobotics.vexcode/sdk/cpp/V5/V5_20240802_15_00_00/vexv5/libv5rt.a(vex_imu.cpp.obj)
                0x0000000003803ef8                non-virtual thunk to vex::inertial::angle(vex::rotationUnits)
 .text._ZN3vex8inertial7headingENS_13rotationUnitsE
                0x0000000003803f00        0x4 /Users/evanbadger/Library/Application Support/Code/User/globalStorage/vexrobotics.vexcode/sdk/cpp/V5/V5_20240802_15_00_00/vexv5/libv5rt.a(vex_imu.cpp.obj)
                0x0000000003803f00                vex::inertial::heading(vex::rotationUnits)
 .text._ZThn16_N3vex8inertial7headingENS_13rotationUnitsE
                0x0000000003803f04        0x8 /Users/evanbadger/Library/Application Support/Code/User/globalStorage/vexrobotics.vexcode/sdk/cpp/V5/V5_20240802_15_00_00/vexv5/libv5rt.a(vex_imu.cpp.obj)
                0x0000000003803f04                non-virtual thunk to vex::inertial::heading(vex::rotationUnits)
 .text._ZN3vex8inertial5valueEv
                0x0000000003803f0c       0x1c /Users/evanbadger/Library/Application Support/Code/User/globalStorage/vexrobotics.vexcode/sdk/cpp/V5/V5_20240802_15_00_00/vexv5/libv5rt.a(vex_imu.cpp.obj)
                0x0000000003803f0c                vex::inertial::value()
 .text._ZN3vex8inertial8rotationENS_13rotationUnitsE
                0x0000000003803f28       0x48 /Users/evanbadger/Library/Application Support/Code/User/globalStorage/vexrobotics.vexcode/sdk/cpp/V5/V5_20240802_15_00_00/vexv5/libv5rt.a(vex_imu.cpp.obj)
                0x0000000003803f28                vex::inertial::rotation(vex::rotationUnits)
 .text._ZThn16_N3vex8inertial8rotationENS_13rotationUnitsE
                0x0000000003803f70        0x8 /Users/evanbadger/Library/Application Support/Code/User/globalStorage/vexrobotics.vexcode/sdk/cpp/V5/V5_20240802_15_00_00/vexv5/libv5rt.a(vex_imu.cpp.obj)
                0x0000000003803f70                non-virtual thunk to vex::inertial::rotation(vex::rotationUnits)
 .text._ZN3vex8inertial13isCalibratingEv
                0x0000000003803f78       0x38 /Users/evanbadger/Library/Application Support/Code/User/globalStorage/vexrobotics.vexcode/sdk/cpp/V5/V5_20240802_15_00_00/vexv5/libv5rt.a(vex_imu.cpp.obj)
                0x0000000003803f78                vex::inertial::isCalibrating()
 .text._ZThn16_N3vex8inertial13isCalibratingEv
                0x0000000003803fb0        0x8 /Users/evanbadger/Library/Application Support/Code/User/globalStorage/vexrobotics.vexcode/sdk/cpp/V5/V5_20240802_15_00_00/vexv5/libv5rt.a(vex_imu.cpp.obj)
                0x0000000003803fb0                non-virtual thunk to vex::inertial::isCalibrating()
 .text._ZN3vex8inertialC2ElNS_8turnTypeE
                0x0000000003803fb8       0x4c /Users/evanbadger/Library/Application Support/Code/User/globalStorage/vexrobotics.vexcode/sdk/cpp/V5/V5_20240802_15_00_00/vexv5/libv5rt.a(vex_imu.cpp.obj)
                0x0000000003803fb8                vex::inertial::inertial(long, vex::turnType)
                0x0000000003803fb8                vex::inertial::inertial(long, vex::turnType)
 .text._ZN3vex8inertial16startCalibrationEl
                0x0000000003804004       0x20 /Users/evanbadger/Library/Application Support/Code/User/globalStorage/vexrobotics.vexcode/sdk/cpp/V5/V5_20240802_15_00_00/vexv5/libv5rt.a(vex_imu.cpp.obj)
                0x0000000003804004                vex::inertial::startCalibration(long)
 .text._ZN3vex8inertial9calibrateEl
                0x0000000003804024        0xc /Users/evanbadger/Library/Application Support/Code/User/globalStorage/vexrobotics.vexcode/sdk/cpp/V5/V5_20240802_15_00_00/vexv5/libv5rt.a(vex_imu.cpp.obj)
                0x0000000003804024                vex::inertial::calibrate(long)
                0x0000000003804028                non-virtual thunk to vex::inertial::calibrate(long)
 .text._ZN3vex8rotationD2Ev
                0x0000000003804030       0x20 /Users/evanbadger/Library/Application Support/Code/User/globalStorage/vexrobotics.vexcode/sdk/cpp/V5/V5_20240802_15_00_00/vexv5/libv5rt.a(vex_rotation.cpp.obj)
                0x0000000003804030                vex::rotation::~rotation()
                0x0000000003804030                vex::rotation::~rotation()
 .text._ZN3vex8rotationD0Ev
                0x0000000003804050       0x1c /Users/evanbadger/Library/Application Support/Code/User/globalStorage/vexrobotics.vexcode/sdk/cpp/V5/V5_20240802_15_00_00/vexv5/libv5rt.a(vex_rotation.cpp.obj)
                0x0000000003804050                vex::rotation::~rotation()
 .text._ZN3vex8rotation9installedEv
                0x000000000380406c       0x18 /Users/evanbadger/Library/Application Support/Code/User/globalStorage/vexrobotics.vexcode/sdk/cpp/V5/V5_20240802_15_00_00/vexv5/libv5rt.a(vex_rotation.cpp.obj)
                0x000000000380406c                vex::rotation::installed()
 .text._ZN3vex8rotation5valueEv
                0x0000000003804084        0x8 /Users/evanbadger/Library/Application Support/Code/User/globalStorage/vexrobotics.vexcode/sdk/cpp/V5/V5_20240802_15_00_00/vexv5/libv5rt.a(vex_rotation.cpp.obj)
                0x0000000003804084                vex::rotation::value()
 .text._ZN3vex8rotationC2Elb
                0x000000000380408c       0x30 /Users/evanbadger/Library/Application Support/Code/User/globalStorage/vexrobotics.vexcode/sdk/cpp/V5/V5_20240802_15_00_00/vexv5/libv5rt.a(vex_rotation.cpp.obj)
                0x000000000380408c                vex::rotation::rotation(long, bool)
                0x000000000380408c                vex::rotation::rotation(long, bool)
 .text._ZN3vex8rotation13resetPositionEv
                0x00000000038040bc        0xc /Users/evanbadger/Library/Application Support/Code/User/globalStorage/vexrobotics.vexcode/sdk/cpp/V5/V5_20240802_15_00_00/vexv5/libv5rt.a(vex_rotation.cpp.obj)
                0x00000000038040bc                vex::rotation::resetPosition()
 .text._ZN3vex8rotation8positionENS_13rotationUnitsE
                0x00000000038040c8       0x50 /Users/evanbadger/Library/Application Support/Code/User/globalStorage/vexrobotics.vexcode/sdk/cpp/V5/V5_20240802_15_00_00/vexv5/libv5rt.a(vex_rotation.cpp.obj)
                0x00000000038040c8                vex::rotation::position(vex::rotationUnits)
 .text._ZN3vex10controllerD2Ev
                0x0000000003804118        0x4 /Users/evanbadger/Library/Application Support/Code/User/globalStorage/vexrobotics.vexcode/sdk/cpp/V5/V5_20240802_15_00_00/vexv5/libv5rt.a(vex_controller.cpp.obj)
                0x0000000003804118                vex::controller::~controller()
                0x0000000003804118                vex::controller::~controller()
 .text._ZN3vex10controller5valueE19_V5_ControllerIndex
                0x000000000380411c        0x8 /Users/evanbadger/Library/Application Support/Code/User/globalStorage/vexrobotics.vexcode/sdk/cpp/V5/V5_20240802_15_00_00/vexv5/libv5rt.a(vex_controller.cpp.obj)
                0x000000000380411c                vex::controller::value(_V5_ControllerIndex)
 .text._ZNK3vex10controller6button8pressingEv
                0x0000000003804124       0xc8 /Users/evanbadger/Library/Application Support/Code/User/globalStorage/vexrobotics.vexcode/sdk/cpp/V5/V5_20240802_15_00_00/vexv5/libv5rt.a(vex_controller.cpp.obj)
                0x0000000003804124                vex::controller::button::pressing() const
 .text._ZNK3vex10controller6button21_buttonToPressedEventEv
                0x00000000038041ec       0x20 /Users/evanbadger/Library/Application Support/Code/User/globalStorage/vexrobotics.vexcode/sdk/cpp/V5/V5_20240802_15_00_00/vexv5/libv5rt.a(vex_controller.cpp.obj)
                0x00000000038041ec                vex::controller::button::_buttonToPressedEvent() const
 .text._ZNK3vex10controller6button22_buttonToReleasedEventEv
                0x000000000380420c       0x20 /Users/evanbadger/Library/Application Support/Code/User/globalStorage/vexrobotics.vexcode/sdk/cpp/V5/V5_20240802_15_00_00/vexv5/libv5rt.a(vex_controller.cpp.obj)
                0x000000000380420c                vex::controller::button::_buttonToReleasedEvent() const
 .text._ZN3vex10controller6buttonC2ENS0_11tButtonTypeEPS0_
                0x000000000380422c       0x48 /Users/evanbadger/Library/Application Support/Code/User/globalStorage/vexrobotics.vexcode/sdk/cpp/V5/V5_20240802_15_00_00/vexv5/libv5rt.a(vex_controller.cpp.obj)
                0x000000000380422c                vex::controller::button::button(vex::controller::tButtonType, vex::controller*)
                0x000000000380422c                vex::controller::button::button(vex::controller::tButtonType, vex::controller*)
 .text._ZNK3vex10controller4axis5valueEv
                0x0000000003804274       0x58 /Users/evanbadger/Library/Application Support/Code/User/globalStorage/vexrobotics.vexcode/sdk/cpp/V5/V5_20240802_15_00_00/vexv5/libv5rt.a(vex_controller.cpp.obj)
                0x0000000003804274                vex::controller::axis::value() const
 .text._ZNK3vex10controller4axis8positionENS_12percentUnitsE
                0x00000000038042cc       0x1c /Users/evanbadger/Library/Application Support/Code/User/globalStorage/vexrobotics.vexcode/sdk/cpp/V5/V5_20240802_15_00_00/vexv5/libv5rt.a(vex_controller.cpp.obj)
                0x00000000038042cc                vex::controller::axis::position(vex::percentUnits) const
 .text._ZNK3vex10controller4axis23_joystickToChangedEventEv
                0x00000000038042e8       0x20 /Users/evanbadger/Library/Application Support/Code/User/globalStorage/vexrobotics.vexcode/sdk/cpp/V5/V5_20240802_15_00_00/vexv5/libv5rt.a(vex_controller.cpp.obj)
                0x00000000038042e8                vex::controller::axis::_joystickToChangedEvent() const
 .text._ZN3vex10controller4axisC2ENS0_9tAxisTypeEPS0_
                0x0000000003804308       0x2c /Users/evanbadger/Library/Application Support/Code/User/globalStorage/vexrobotics.vexcode/sdk/cpp/V5/V5_20240802_15_00_00/vexv5/libv5rt.a(vex_controller.cpp.obj)
                0x0000000003804308                vex::controller::axis::axis(vex::controller::tAxisType, vex::controller*)
                0x0000000003804308                vex::controller::axis::axis(vex::controller::tAxisType, vex::controller*)
 .text._ZN3vex10controllerC2Ev
                0x0000000003804334      0x164 /Users/evanbadger/Library/Application Support/Code/User/globalStorage/vexrobotics.vexcode/sdk/cpp/V5/V5_20240802_15_00_00/vexv5/libv5rt.a(vex_controller.cpp.obj)
                0x0000000003804334                vex::controller::controller()
                0x0000000003804334                vex::controller::controller()
 .text._ZN3vex10controller3lcd15getControllerIdEv
                0x0000000003804498       0x10 /Users/evanbadger/Library/Application Support/Code/User/globalStorage/vexrobotics.vexcode/sdk/cpp/V5/V5_20240802_15_00_00/vexv5/libv5rt.a(vex_controller.cpp.obj)
                0x0000000003804498                vex::controller::lcd::getControllerId()
 .text._ZN3vex10controller3lcd9setCursorEll
                0x00000000038044a8       0x40 /Users/evanbadger/Library/Application Support/Code/User/globalStorage/vexrobotics.vexcode/sdk/cpp/V5/V5_20240802_15_00_00/vexv5/libv5rt.a(vex_controller.cpp.obj)
                0x00000000038044a8                vex::controller::lcd::setCursor(long, long)
 .text._ZN3vex10controller3lcd5printEPKcz
                0x00000000038044e8       0x80 /Users/evanbadger/Library/Application Support/Code/User/globalStorage/vexrobotics.vexcode/sdk/cpp/V5/V5_20240802_15_00_00/vexv5/libv5rt.a(vex_controller.cpp.obj)
                0x00000000038044e8                vex::controller::lcd::print(char const*, ...)
 .text._ZN3vex10controller3lcd9clearLineEi
                0x0000000003804568       0x80 /Users/evanbadger/Library/Application Support/Code/User/globalStorage/vexrobotics.vexcode/sdk/cpp/V5/V5_20240802_15_00_00/vexv5/libv5rt.a(vex_controller.cpp.obj)
                0x0000000003804568                vex::controller::lcd::clearLine(int)
 .text._ZN3vex10controller3lcd9clearLineEv
                0x00000000038045e8        0x8 /Users/evanbadger/Library/Application Support/Code/User/globalStorage/vexrobotics.vexcode/sdk/cpp/V5/V5_20240802_15_00_00/vexv5/libv5rt.a(vex_controller.cpp.obj)
                0x00000000038045e8                vex::controller::lcd::clearLine()
 .text._ZN3vex4taskC2EPFivE
                0x00000000038045f0       0x5c /Users/evanbadger/Library/Application Support/Code/User/globalStorage/vexrobotics.vexcode/sdk/cpp/V5/V5_20240802_15_00_00/vexv5/libv5rt.a(vex_task.cpp.obj)
                0x00000000038045f0                vex::task::task(int (*)())
                0x00000000038045f0                vex::task::task(int (*)())
 .text._ZN3vex4taskD2Ev
                0x000000000380464c        0x4 /Users/evanbadger/Library/Application Support/Code/User/globalStorage/vexrobotics.vexcode/sdk/cpp/V5/V5_20240802_15_00_00/vexv5/libv5rt.a(vex_task.cpp.obj)
                0x000000000380464c                vex::task::~task()
                0x000000000380464c                vex::task::~task()
 .text._ZN3vex4task4stopEPvi
                0x0000000003804650       0x1c /Users/evanbadger/Library/Application Support/Code/User/globalStorage/vexrobotics.vexcode/sdk/cpp/V5/V5_20240802_15_00_00/vexv5/libv5rt.a(vex_task.cpp.obj)
                0x0000000003804650                vex::task::stop(void*, int)
 .text._ZN3vex4task6_indexEPFivE
                0x000000000380466c       0x14 /Users/evanbadger/Library/Application Support/Code/User/globalStorage/vexrobotics.vexcode/sdk/cpp/V5/V5_20240802_15_00_00/vexv5/libv5rt.a(vex_task.cpp.obj)
                0x000000000380466c                vex::task::_index(int (*)())
 .text._ZN3vex4task8_stopAllEv
                0x0000000003804680       0x3c /Users/evanbadger/Library/Application Support/Code/User/globalStorage/vexrobotics.vexcode/sdk/cpp/V5/V5_20240802_15_00_00/vexv5/libv5rt.a(vex_task.cpp.obj)
                0x0000000003804680                vex::task::_stopAll()
 .text._ZN3vex11this_thread9sleep_forEm
                0x00000000038046bc        0x4 /Users/evanbadger/Library/Application Support/Code/User/globalStorage/vexrobotics.vexcode/sdk/cpp/V5/V5_20240802_15_00_00/vexv5/libv5rt.a(vex_thread.cpp.obj)
                0x00000000038046bc                vex::this_thread::sleep_for(unsigned long)
 .text._ZN3vex5event4initEmmPFvvE
                0x00000000038046c0        0x4 /Users/evanbadger/Library/Application Support/Code/User/globalStorage/vexrobotics.vexcode/sdk/cpp/V5/V5_20240802_15_00_00/vexv5/libv5rt.a(vex_event.cpp.obj)
                0x00000000038046c0                vex::event::init(unsigned long, unsigned long, void (*)())
 .text._ZN3vex5event4initEmmPFvPvES1_
                0x00000000038046c4        0x4 /Users/evanbadger/Library/Application Support/Code/User/globalStorage/vexrobotics.vexcode/sdk/cpp/V5/V5_20240802_15_00_00/vexv5/libv5rt.a(vex_event.cpp.obj)
                0x00000000038046c4                vex::event::init(unsigned long, unsigned long, void (*)(void*), void*)
 .text._ZN3vex5event9userindexEv
                0x00000000038046c8        0x4 /Users/evanbadger/Library/Application Support/Code/User/globalStorage/vexrobotics.vexcode/sdk/cpp/V5/V5_20240802_15_00_00/vexv5/libv5rt.a(vex_event.cpp.obj)
                0x00000000038046c8                vex::event::userindex()
 .text._ZZN3vex6meventC4EmmENUlvE_4_FUNEv
                0x00000000038046cc        0x4 /Users/evanbadger/Library/Application Support/Code/User/globalStorage/vexrobotics.vexcode/sdk/cpp/V5/V5_20240802_15_00_00/vexv5/libv5rt.a(vex_mevent.cpp.obj)
 .text._ZN3vex6meventC2Emm
                0x00000000038046d0       0x70 /Users/evanbadger/Library/Application Support/Code/User/globalStorage/vexrobotics.vexcode/sdk/cpp/V5/V5_20240802_15_00_00/vexv5/libv5rt.a(vex_mevent.cpp.obj)
                0x00000000038046d0                vex::mevent::mevent(unsigned long, unsigned long)
                0x00000000038046d0                vex::mevent::mevent(unsigned long, unsigned long)
 .text._ZN3vex5brain9_getIndexEv
                0x0000000003804740       0x10 /Users/evanbadger/Library/Application Support/Code/User/globalStorage/vexrobotics.vexcode/sdk/cpp/V5/V5_20240802_15_00_00/vexv5/libv5rt.a(vex_brain.cpp.obj)
                0x0000000003804740                vex::brain::_getIndex()
 .text._ZN3vex5brain3lcd9setCursorEll
                0x0000000003804750       0x44 /Users/evanbadger/Library/Application Support/Code/User/globalStorage/vexrobotics.vexcode/sdk/cpp/V5/V5_20240802_15_00_00/vexv5/libv5rt.a(vex_brain.cpp.obj)
                0x0000000003804750                vex::brain::lcd::setCursor(long, long)
 .text._ZN3vex5brain3lcd7setFontENS_8fontTypeE
                0x0000000003804794      0x23c /Users/evanbadger/Library/Application Support/Code/User/globalStorage/vexrobotics.vexcode/sdk/cpp/V5/V5_20240802_15_00_00/vexv5/libv5rt.a(vex_brain.cpp.obj)
                0x0000000003804794                vex::brain::lcd::setFont(vex::fontType)
 .text._ZN3vex5brain3lcdC2Ev
                0x00000000038049d0       0x94 /Users/evanbadger/Library/Application Support/Code/User/globalStorage/vexrobotics.vexcode/sdk/cpp/V5/V5_20240802_15_00_00/vexv5/libv5rt.a(vex_brain.cpp.obj)
                0x00000000038049d0                vex::brain::lcd::lcd()
                0x00000000038049d0                vex::brain::lcd::lcd()
 .text._ZN3vex5brainC2Ev
                0x0000000003804a64       0x3c /Users/evanbadger/Library/Application Support/Code/User/globalStorage/vexrobotics.vexcode/sdk/cpp/V5/V5_20240802_15_00_00/vexv5/libv5rt.a(vex_brain.cpp.obj)
                0x0000000003804a64                vex::brain::brain()
                0x0000000003804a64                vex::brain::brain()
 .text._ZN3vex5brain3lcd11setPenColorERKNS_5colorE
                0x0000000003804aa0       0x14 /Users/evanbadger/Library/Application Support/Code/User/globalStorage/vexrobotics.vexcode/sdk/cpp/V5/V5_20240802_15_00_00/vexv5/libv5rt.a(vex_brain.cpp.obj)
                0x0000000003804aa0                vex::brain::lcd::setPenColor(vex::color const&)
 .text._ZN3vex5brain3lcd12setFillColorERKNS_5colorE
                0x0000000003804ab4       0x38 /Users/evanbadger/Library/Application Support/Code/User/globalStorage/vexrobotics.vexcode/sdk/cpp/V5/V5_20240802_15_00_00/vexv5/libv5rt.a(vex_brain.cpp.obj)
                0x0000000003804ab4                vex::brain::lcd::setFillColor(vex::color const&)
 .text._ZN3vex5brain3lcd12_clearScreenEm
                0x0000000003804aec       0x38 /Users/evanbadger/Library/Application Support/Code/User/globalStorage/vexrobotics.vexcode/sdk/cpp/V5/V5_20240802_15_00_00/vexv5/libv5rt.a(vex_brain.cpp.obj)
                0x0000000003804aec                vex::brain::lcd::_clearScreen(unsigned long)
 .text._ZN3vex5brain3lcd11clearScreenERKNS_5colorE
                0x0000000003804b24       0x20 /Users/evanbadger/Library/Application Support/Code/User/globalStorage/vexrobotics.vexcode/sdk/cpp/V5/V5_20240802_15_00_00/vexv5/libv5rt.a(vex_brain.cpp.obj)
                0x0000000003804b24                vex::brain::lcd::clearScreen(vex::color const&)
 .text._ZN3vex5brain3lcd11clearScreenEv
                0x0000000003804b44       0x2c /Users/evanbadger/Library/Application Support/Code/User/globalStorage/vexrobotics.vexcode/sdk/cpp/V5/V5_20240802_15_00_00/vexv5/libv5rt.a(vex_brain.cpp.obj)
                0x0000000003804b44                vex::brain::lcd::clearScreen()
 .text._ZN3vex5brain3lcd13drawRectangleEiiii
                0x0000000003804b70       0xdc /Users/evanbadger/Library/Application Support/Code/User/globalStorage/vexrobotics.vexcode/sdk/cpp/V5/V5_20240802_15_00_00/vexv5/libv5rt.a(vex_brain.cpp.obj)
                0x0000000003804b70                vex::brain::lcd::drawRectangle(int, int, int, int)
 .text._ZN3vex5brain3lcd9xPositionEv
                0x0000000003804c4c       0x24 /Users/evanbadger/Library/Application Support/Code/User/globalStorage/vexrobotics.vexcode/sdk/cpp/V5/V5_20240802_15_00_00/vexv5/libv5rt.a(vex_brain.cpp.obj)
                0x0000000003804c4c                vex::brain::lcd::xPosition()
 .text._ZN3vex5brain3lcd9yPositionEv
                0x0000000003804c70       0x24 /Users/evanbadger/Library/Application Support/Code/User/globalStorage/vexrobotics.vexcode/sdk/cpp/V5/V5_20240802_15_00_00/vexv5/libv5rt.a(vex_brain.cpp.obj)
                0x0000000003804c70                vex::brain::lcd::yPosition()
 .text._ZN3vex5brain3lcd8pressingEv
                0x0000000003804c94       0x20 /Users/evanbadger/Library/Application Support/Code/User/globalStorage/vexrobotics.vexcode/sdk/cpp/V5/V5_20240802_15_00_00/vexv5/libv5rt.a(vex_brain.cpp.obj)
                0x0000000003804c94                vex::brain::lcd::pressing()
 .text._ZN3vex5brain3lcd10rowToPixelEl
                0x0000000003804cb4       0x34 /Users/evanbadger/Library/Application Support/Code/User/globalStorage/vexrobotics.vexcode/sdk/cpp/V5/V5_20240802_15_00_00/vexv5/libv5rt.a(vex_brain.cpp.obj)
                0x0000000003804cb4                vex::brain::lcd::rowToPixel(long)
 .text._ZN3vex5brain3lcd5printEPKcz
                0x0000000003804ce8       0xb8 /Users/evanbadger/Library/Application Support/Code/User/globalStorage/vexrobotics.vexcode/sdk/cpp/V5/V5_20240802_15_00_00/vexv5/libv5rt.a(vex_brain.cpp.obj)
                0x0000000003804ce8                vex::brain::lcd::print(char const*, ...)
 .text._ZN3vex5brainD2Ev
                0x0000000003804da0       0x20 /Users/evanbadger/Library/Application Support/Code/User/globalStorage/vexrobotics.vexcode/sdk/cpp/V5/V5_20240802_15_00_00/vexv5/libv5rt.a(vex_brain.cpp.obj)
                0x0000000003804da0                vex::brain::~brain()
                0x0000000003804da0                vex::brain::~brain()
 .text._ZN3vex11competition8_disableEPv
                0x0000000003804dc0       0xa4 /Users/evanbadger/Library/Application Support/Code/User/globalStorage/vexrobotics.vexcode/sdk/cpp/V5/V5_20240802_15_00_00/vexv5/libv5rt.a(vex_competition.cpp.obj)
                0x0000000003804dc0                vex::competition::_disable(void*)
 .text._ZN3vex11competition11_autonomousEv
                0x0000000003804e64       0x80 /Users/evanbadger/Library/Application Support/Code/User/globalStorage/vexrobotics.vexcode/sdk/cpp/V5/V5_20240802_15_00_00/vexv5/libv5rt.a(vex_competition.cpp.obj)
                0x0000000003804e64                vex::competition::_autonomous()
 .text._ZN3vex11competition14_drivercontrolEv
                0x0000000003804ee4       0x80 /Users/evanbadger/Library/Application Support/Code/User/globalStorage/vexrobotics.vexcode/sdk/cpp/V5/V5_20240802_15_00_00/vexv5/libv5rt.a(vex_competition.cpp.obj)
                0x0000000003804ee4                vex::competition::_drivercontrol()
 .text._ZN3vex11competitionC2Ev
                0x0000000003804f64      0x13c /Users/evanbadger/Library/Application Support/Code/User/globalStorage/vexrobotics.vexcode/sdk/cpp/V5/V5_20240802_15_00_00/vexv5/libv5rt.a(vex_competition.cpp.obj)
                0x0000000003804f64                vex::competition::competition()
                0x0000000003804f64                vex::competition::competition()
 .text._ZN3vex11competitionD2Ev
                0x00000000038050a0        0x4 /Users/evanbadger/Library/Application Support/Code/User/globalStorage/vexrobotics.vexcode/sdk/cpp/V5/V5_20240802_15_00_00/vexv5/libv5rt.a(vex_competition.cpp.obj)
                0x00000000038050a0                vex::competition::~competition()
                0x00000000038050a0                vex::competition::~competition()
 .text._ZN3vex11competition10autonomousEPFvvE
                0x00000000038050a4       0x44 /Users/evanbadger/Library/Application Support/Code/User/globalStorage/vexrobotics.vexcode/sdk/cpp/V5/V5_20240802_15_00_00/vexv5/libv5rt.a(vex_competition.cpp.obj)
                0x00000000038050a4                vex::competition::autonomous(void (*)())
 .text._ZN3vex11competition13drivercontrolEPFvvE
                0x00000000038050e8       0x44 /Users/evanbadger/Library/Application Support/Code/User/globalStorage/vexrobotics.vexcode/sdk/cpp/V5/V5_20240802_15_00_00/vexv5/libv5rt.a(vex_competition.cpp.obj)
                0x00000000038050e8                vex::competition::drivercontrol(void (*)())
 .text._ZN3vex7triportD2Ev
                0x000000000380512c       0x38 /Users/evanbadger/Library/Application Support/Code/User/globalStorage/vexrobotics.vexcode/sdk/cpp/V5/V5_20240802_15_00_00/vexv5/libv5rt.a(vex_triport.cpp.obj)
                0x000000000380512c                vex::triport::~triport()
                0x000000000380512c                vex::triport::~triport()
 .text._ZN3vex7triportD0Ev
                0x0000000003805164       0x1c /Users/evanbadger/Library/Application Support/Code/User/globalStorage/vexrobotics.vexcode/sdk/cpp/V5/V5_20240802_15_00_00/vexv5/libv5rt.a(vex_triport.cpp.obj)
                0x0000000003805164                vex::triport::~triport()
 .text._ZN3vex7triport9installedEv
                0x0000000003805180       0x18 /Users/evanbadger/Library/Application Support/Code/User/globalStorage/vexrobotics.vexcode/sdk/cpp/V5/V5_20240802_15_00_00/vexv5/libv5rt.a(vex_triport.cpp.obj)
                0x0000000003805180                vex::triport::installed()
 .text._ZN3vex7triport4portC2ElPS0_
                0x0000000003805198       0x74 /Users/evanbadger/Library/Application Support/Code/User/globalStorage/vexrobotics.vexcode/sdk/cpp/V5/V5_20240802_15_00_00/vexv5/libv5rt.a(vex_triport.cpp.obj)
                0x0000000003805198                vex::triport::port::port(long, vex::triport*)
                0x0000000003805198                vex::triport::port::port(long, vex::triport*)
 .text._ZN3vex7triportC2El
                0x000000000380520c       0xf0 /Users/evanbadger/Library/Application Support/Code/User/globalStorage/vexrobotics.vexcode/sdk/cpp/V5/V5_20240802_15_00_00/vexv5/libv5rt.a(vex_triport.cpp.obj)
                0x000000000380520c                vex::triport::triport(long)
                0x000000000380520c                vex::triport::triport(long)
 .text._ZN3vex5colorD2Ev
                0x00000000038052fc        0x4 /Users/evanbadger/Library/Application Support/Code/User/globalStorage/vexrobotics.vexcode/sdk/cpp/V5/V5_20240802_15_00_00/vexv5/libv5rt.a(vex_color.cpp.obj)
                0x00000000038052fc                vex::color::~color()
                0x00000000038052fc                vex::color::~color()
 .text._ZN3vex5colorC2Ev
                0x0000000003805300       0x10 /Users/evanbadger/Library/Application Support/Code/User/globalStorage/vexrobotics.vexcode/sdk/cpp/V5/V5_20240802_15_00_00/vexv5/libv5rt.a(vex_color.cpp.obj)
                0x0000000003805300                vex::color::color()
                0x0000000003805300                vex::color::color()
 .text._ZN3vex5colorC2Ei
                0x0000000003805310       0x10 /Users/evanbadger/Library/Application Support/Code/User/globalStorage/vexrobotics.vexcode/sdk/cpp/V5/V5_20240802_15_00_00/vexv5/libv5rt.a(vex_color.cpp.obj)
                0x0000000003805310                vex::color::color(int)
                0x0000000003805310                vex::color::color(int)
 .text._ZNK3vex5colorcvmEv
                0x0000000003805320        0x8 /Users/evanbadger/Library/Application Support/Code/User/globalStorage/vexrobotics.vexcode/sdk/cpp/V5/V5_20240802_15_00_00/vexv5/libv5rt.a(vex_color.cpp.obj)
                0x0000000003805320                vex::color::operator unsigned long() const
 .text._ZNK3vex5color13isTransparentEv
                0x0000000003805328        0x8 /Users/evanbadger/Library/Application Support/Code/User/globalStorage/vexrobotics.vexcode/sdk/cpp/V5/V5_20240802_15_00_00/vexv5/libv5rt.a(vex_color.cpp.obj)
                0x0000000003805328                vex::color::isTransparent() const
 .text.startup._GLOBAL__sub_I__ZN3vex5color5blackE
                0x0000000003805330      0x164 /Users/evanbadger/Library/Application Support/Code/User/globalStorage/vexrobotics.vexcode/sdk/cpp/V5/V5_20240802_15_00_00/vexv5/libv5rt.a(vex_color.cpp.obj)
 .text._ZN3vex5timerD2Ev
                0x0000000003805494        0x4 /Users/evanbadger/Library/Application Support/Code/User/globalStorage/vexrobotics.vexcode/sdk/cpp/V5/V5_20240802_15_00_00/vexv5/libv5rt.a(vex_timer.cpp.obj)
                0x0000000003805494                vex::timer::~timer()
                0x0000000003805494                vex::timer::~timer()
 .text._ZN3vex5timer5clearEv
                0x0000000003805498       0x1c /Users/evanbadger/Library/Application Support/Code/User/globalStorage/vexrobotics.vexcode/sdk/cpp/V5/V5_20240802_15_00_00/vexv5/libv5rt.a(vex_timer.cpp.obj)
                0x0000000003805498                vex::timer::clear()
 .text._ZN3vex5timerC2Ev
                0x00000000038054b4       0x14 /Users/evanbadger/Library/Application Support/Code/User/globalStorage/vexrobotics.vexcode/sdk/cpp/V5/V5_20240802_15_00_00/vexv5/libv5rt.a(vex_timer.cpp.obj)
                0x00000000038054b4                vex::timer::timer()
                0x00000000038054b4                vex::timer::timer()
 .text._ZN3vex11motor_group18motor_group_motorsC2Ev
                0x00000000038054c8       0x28 /Users/evanbadger/Library/Application Support/Code/User/globalStorage/vexrobotics.vexcode/sdk/cpp/V5/V5_20240802_15_00_00/vexv5/libv5rt.a(vex_motorgroup.cpp.obj)
                0x00000000038054c8                vex::motor_group::motor_group_motors::motor_group_motors()
                0x00000000038054c8                vex::motor_group::motor_group_motors::motor_group_motors()
 .text._ZN3vex11motor_group18motor_group_motorsC2ERKS1_
                0x00000000038054f0       0x20 /Users/evanbadger/Library/Application Support/Code/User/globalStorage/vexrobotics.vexcode/sdk/cpp/V5/V5_20240802_15_00_00/vexv5/libv5rt.a(vex_motorgroup.cpp.obj)
                0x00000000038054f0                vex::motor_group::motor_group_motors::motor_group_motors(vex::motor_group::motor_group_motors const&)
                0x00000000038054f0                vex::motor_group::motor_group_motors::motor_group_motors(vex::motor_group::motor_group_motors const&)
 .text._ZN3vex11motor_groupC2Ev
                0x0000000003805510       0x1c /Users/evanbadger/Library/Application Support/Code/User/globalStorage/vexrobotics.vexcode/sdk/cpp/V5/V5_20240802_15_00_00/vexv5/libv5rt.a(vex_motorgroup.cpp.obj)
                0x0000000003805510                vex::motor_group::motor_group()
                0x0000000003805510                vex::motor_group::motor_group()
 .text._ZN3vex11motor_groupD2Ev
                0x000000000380552c        0x4 /Users/evanbadger/Library/Application Support/Code/User/globalStorage/vexrobotics.vexcode/sdk/cpp/V5/V5_20240802_15_00_00/vexv5/libv5rt.a(vex_motorgroup.cpp.obj)
                0x000000000380552c                vex::motor_group::~motor_group()
                0x000000000380552c                vex::motor_group::~motor_group()
 .text._ZN3vex11motor_group9_addMotorERNS_5motorE
                0x0000000003805530       0x20 /Users/evanbadger/Library/Application Support/Code/User/globalStorage/vexrobotics.vexcode/sdk/cpp/V5/V5_20240802_15_00_00/vexv5/libv5rt.a(vex_motorgroup.cpp.obj)
                0x0000000003805530                vex::motor_group::_addMotor(vex::motor&)
 .text._ZN3vex11motor_group4spinENS_13directionTypeEdNS_13velocityUnitsE
                0x0000000003805550       0x54 /Users/evanbadger/Library/Application Support/Code/User/globalStorage/vexrobotics.vexcode/sdk/cpp/V5/V5_20240802_15_00_00/vexv5/libv5rt.a(vex_motorgroup.cpp.obj)
                0x0000000003805550                vex::motor_group::spin(vex::directionType, double, vex::velocityUnits)
 .text._ZN3vex11motor_group4spinENS_13directionTypeEdNS_12voltageUnitsE
                0x00000000038055a4       0x54 /Users/evanbadger/Library/Application Support/Code/User/globalStorage/vexrobotics.vexcode/sdk/cpp/V5/V5_20240802_15_00_00/vexv5/libv5rt.a(vex_motorgroup.cpp.obj)
                0x00000000038055a4                vex::motor_group::spin(vex::directionType, double, vex::voltageUnits)
 .text._ZN3vex11motor_group8positionENS_13rotationUnitsE
                0x00000000038055f8        0xc /Users/evanbadger/Library/Application Support/Code/User/globalStorage/vexrobotics.vexcode/sdk/cpp/V5/V5_20240802_15_00_00/vexv5/libv5rt.a(vex_motorgroup.cpp.obj)
                0x00000000038055f8                vex::motor_group::position(vex::rotationUnits)
 .text.vexMotorVelocitySet
                0x0000000003805604       0x20 /Users/evanbadger/Library/Application Support/Code/User/globalStorage/vexrobotics.vexcode/sdk/cpp/V5/V5_20240802_15_00_00/vexv5/libv5rt.a(v5_apiuser.c.obj)
                0x0000000003805604                vexMotorVelocitySet
 .text.vexMotorVoltageSet
                0x0000000003805624       0x20 /Users/evanbadger/Library/Application Support/Code/User/globalStorage/vexrobotics.vexcode/sdk/cpp/V5/V5_20240802_15_00_00/vexv5/libv5rt.a(v5_apiuser.c.obj)
                0x0000000003805624                vexMotorVoltageSet
 .text.vexMotorActualVelocityGet
                0x0000000003805644       0x24 /Users/evanbadger/Library/Application Support/Code/User/globalStorage/vexrobotics.vexcode/sdk/cpp/V5/V5_20240802_15_00_00/vexv5/libv5rt.a(v5_apiuser.c.obj)
                0x0000000003805644                vexMotorActualVelocityGet
 .text.vexMotorReverseFlagSet
                0x0000000003805668       0x20 /Users/evanbadger/Library/Application Support/Code/User/globalStorage/vexrobotics.vexcode/sdk/cpp/V5/V5_20240802_15_00_00/vexv5/libv5rt.a(v5_apiuser.c.obj)
                0x0000000003805668                vexMotorReverseFlagSet
 .text.vexMotorEncoderUnitsSet
                0x0000000003805688       0x20 /Users/evanbadger/Library/Application Support/Code/User/globalStorage/vexrobotics.vexcode/sdk/cpp/V5/V5_20240802_15_00_00/vexv5/libv5rt.a(v5_apiuser.c.obj)
                0x0000000003805688                vexMotorEncoderUnitsSet
 .text.vexMotorBrakeModeSet
                0x00000000038056a8       0x20 /Users/evanbadger/Library/Application Support/Code/User/globalStorage/vexrobotics.vexcode/sdk/cpp/V5/V5_20240802_15_00_00/vexv5/libv5rt.a(v5_apiuser.c.obj)
                0x00000000038056a8                vexMotorBrakeModeSet
 .text.vexMotorPositionSet
                0x00000000038056c8       0x28 /Users/evanbadger/Library/Application Support/Code/User/globalStorage/vexrobotics.vexcode/sdk/cpp/V5/V5_20240802_15_00_00/vexv5/libv5rt.a(v5_apiuser.c.obj)
                0x00000000038056c8                vexMotorPositionSet
 .text.vexMotorPositionGet
                0x00000000038056f0       0x24 /Users/evanbadger/Library/Application Support/Code/User/globalStorage/vexrobotics.vexcode/sdk/cpp/V5/V5_20240802_15_00_00/vexv5/libv5rt.a(v5_apiuser.c.obj)
                0x00000000038056f0                vexMotorPositionGet
 .text.vexMotorGearingSet
                0x0000000003805714       0x20 /Users/evanbadger/Library/Application Support/Code/User/globalStorage/vexrobotics.vexcode/sdk/cpp/V5/V5_20240802_15_00_00/vexv5/libv5rt.a(v5_apiuser.c.obj)
                0x0000000003805714                vexMotorGearingSet
 .text.vexMotorGearingGet
                0x0000000003805734       0x18 /Users/evanbadger/Library/Application Support/Code/User/globalStorage/vexrobotics.vexcode/sdk/cpp/V5/V5_20240802_15_00_00/vexv5/libv5rt.a(v5_apiuser.c.obj)
                0x0000000003805734                vexMotorGearingGet
 .text.vexImuReset
                0x000000000380574c       0x10 /Users/evanbadger/Library/Application Support/Code/User/globalStorage/vexrobotics.vexcode/sdk/cpp/V5/V5_20240802_15_00_00/vexv5/libv5rt.a(v5_apiuser.c.obj)
                0x000000000380574c                vexImuReset
 .text.vexImuHeadingGet
                0x000000000380575c       0x10 /Users/evanbadger/Library/Application Support/Code/User/globalStorage/vexrobotics.vexcode/sdk/cpp/V5/V5_20240802_15_00_00/vexv5/libv5rt.a(v5_apiuser.c.obj)
                0x000000000380575c                vexImuHeadingGet
 .text.vexImuDegreesGet
                0x000000000380576c       0x10 /Users/evanbadger/Library/Application Support/Code/User/globalStorage/vexrobotics.vexcode/sdk/cpp/V5/V5_20240802_15_00_00/vexv5/libv5rt.a(v5_apiuser.c.obj)
                0x000000000380576c                vexImuDegreesGet
 .text.vexImuStatusGet
                0x000000000380577c       0x10 /Users/evanbadger/Library/Application Support/Code/User/globalStorage/vexrobotics.vexcode/sdk/cpp/V5/V5_20240802_15_00_00/vexv5/libv5rt.a(v5_apiuser.c.obj)
                0x000000000380577c                vexImuStatusGet
 .text.vexAbsEncPositionSet
                0x000000000380578c       0x18 /Users/evanbadger/Library/Application Support/Code/User/globalStorage/vexrobotics.vexcode/sdk/cpp/V5/V5_20240802_15_00_00/vexv5/libv5rt.a(v5_apiuser.c.obj)
                0x000000000380578c                vexAbsEncPositionSet
 .text.vexAbsEncPositionGet
                0x00000000038057a4       0x10 /Users/evanbadger/Library/Application Support/Code/User/globalStorage/vexrobotics.vexcode/sdk/cpp/V5/V5_20240802_15_00_00/vexv5/libv5rt.a(v5_apiuser.c.obj)
                0x00000000038057a4                vexAbsEncPositionGet
 .text.vexAbsEncAngleGet
                0x00000000038057b4       0x10 /Users/evanbadger/Library/Application Support/Code/User/globalStorage/vexrobotics.vexcode/sdk/cpp/V5/V5_20240802_15_00_00/vexv5/libv5rt.a(v5_apiuser.c.obj)
                0x00000000038057b4                vexAbsEncAngleGet
 .text.vexAbsEncReverseFlagSet
                0x00000000038057c4       0x18 /Users/evanbadger/Library/Application Support/Code/User/globalStorage/vexrobotics.vexcode/sdk/cpp/V5/V5_20240802_15_00_00/vexv5/libv5rt.a(v5_apiuser.c.obj)
                0x00000000038057c4                vexAbsEncReverseFlagSet
 .text.vexEventMaskSet
                0x00000000038057dc       0x28 /Users/evanbadger/Library/Application Support/Code/User/globalStorage/vexrobotics.vexcode/sdk/cpp/V5/V5_20240802_15_00_00/vexv5/libv5rt.a(v5_apiuser.c.obj)
                0x00000000038057dc                vexEventMaskSet
 .text.vexEventMaskGet
                0x0000000003805804       0x18 /Users/evanbadger/Library/Application Support/Code/User/globalStorage/vexrobotics.vexcode/sdk/cpp/V5/V5_20240802_15_00_00/vexv5/libv5rt.a(v5_apiuser.c.obj)
                0x0000000003805804                vexEventMaskGet
 .text._ZN3vex6deviceD2Ev
                0x000000000380581c        0x4 /Users/evanbadger/Library/Application Support/Code/User/globalStorage/vexrobotics.vexcode/sdk/cpp/V5/V5_20240802_15_00_00/vexv5/libv5rt.a(vex_device.cpp.obj)
                0x000000000380581c                vex::device::~device()
                0x000000000380581c                vex::device::~device()
 .text._ZN3vex6device5valueEv
                0x0000000003805820        0x8 /Users/evanbadger/Library/Application Support/Code/User/globalStorage/vexrobotics.vexcode/sdk/cpp/V5/V5_20240802_15_00_00/vexv5/libv5rt.a(vex_device.cpp.obj)
                0x0000000003805820                vex::device::value()
 .text._ZN3vex6deviceD0Ev
                0x0000000003805828       0x14 /Users/evanbadger/Library/Application Support/Code/User/globalStorage/vexrobotics.vexcode/sdk/cpp/V5/V5_20240802_15_00_00/vexv5/libv5rt.a(vex_device.cpp.obj)
                0x0000000003805828                vex::device::~device()
 .text._ZN3vex6device4initEl
                0x000000000380583c       0x30 /Users/evanbadger/Library/Application Support/Code/User/globalStorage/vexrobotics.vexcode/sdk/cpp/V5/V5_20240802_15_00_00/vexv5/libv5rt.a(vex_device.cpp.obj)
                0x000000000380583c                vex::device::init(long)
 .text._ZN3vex6deviceC2El
                0x000000000380586c       0x20 /Users/evanbadger/Library/Application Support/Code/User/globalStorage/vexrobotics.vexcode/sdk/cpp/V5/V5_20240802_15_00_00/vexv5/libv5rt.a(vex_device.cpp.obj)
                0x000000000380586c                vex::device::device(long)
                0x000000000380586c                vex::device::device(long)
 .text._ZN3vex6device4typeEv
                0x000000000380588c       0x10 /Users/evanbadger/Library/Application Support/Code/User/globalStorage/vexrobotics.vexcode/sdk/cpp/V5/V5_20240802_15_00_00/vexv5/libv5rt.a(vex_device.cpp.obj)
                0x000000000380588c                vex::device::type()
 .text._ZN3vex6device9installedEv
                0x000000000380589c       0x14 /Users/evanbadger/Library/Application Support/Code/User/globalStorage/vexrobotics.vexcode/sdk/cpp/V5/V5_20240802_15_00_00/vexv5/libv5rt.a(vex_device.cpp.obj)
                0x000000000380589c                vex::device::installed()
 .text.__libc_fini_array
                0x00000000038058b0       0x30 /Users/evanbadger/Library/Application Support/Code/User/globalStorage/vexrobotics.vexcode/sdk/cpp/V5/V5_20240802_15_00_00/vexv5/gcc/libs/libc.a(lib_a-fini.o)
                0x00000000038058b0                __libc_fini_array
 .text.__libc_init_array
                0x00000000038058e0       0x58 /Users/evanbadger/Library/Application Support/Code/User/globalStorage/vexrobotics.vexcode/sdk/cpp/V5/V5_20240802_15_00_00/vexv5/gcc/libs/libc.a(lib_a-init.o)
                0x00000000038058e0                __libc_init_array
 .text.__libc_init_array.__stub
                0x0000000003805938       0x18 linker stubs
 *(.gnu.linkonce.t.*)
 *(.plt)
 *(.gnu_warning)
 *(.gcc_except_table)
 *(.glue_7)
 .glue_7        0x0000000003805950        0x0 linker stubs
 *(.glue_7t)
 .glue_7t       0x0000000003805950        0x0 linker stubs
 *(.vfp11_veneer)
 .vfp11_veneer  0x0000000003805950        0x0 linker stubs
 *(.ARM.extab)
 *(.gnu.linkonce.armextab.*)

.v4_bx          0x0000000003805950        0x0
 .v4_bx         0x0000000003805950        0x0 linker stubs

.iplt           0x0000000003805950        0x0
 .iplt          0x0000000003805950        0x0 build/src/Drive.o

.init
 *(.init)

.fini
 *(.fini)

.rodata         0x0000000003805950      0x2e4
                0x0000000003805950                __rodata_start = .
 *(.rodata)
 *(.rodata.*)
 .rodata.str1.1
                0x0000000003805950        0xa build/src/Drive.o
 .rodata.str1.1
                0x000000000380595a       0xb7 build/src/main.o
 .rodata.str1.1
                0x0000000003805a11       0x44 build/src/screen.o
 .rodata.str1.1
                0x0000000003805a55        0x2 build/src/util.o
 .rodata.str1.1
                0x0000000003805a57       0x2e /Users/evanbadger/Library/Application Support/Code/User/globalStorage/vexrobotics.vexcode/sdk/cpp/V5/V5_20240802_15_00_00/vexv5/libv5rt.a(v5_startup.c.obj)
 *fill*         0x0000000003805a85        0x3 
 .rodata._ZN3vex6PORT20E
                0x0000000003805a88        0x4 /Users/evanbadger/Library/Application Support/Code/User/globalStorage/vexrobotics.vexcode/sdk/cpp/V5/V5_20240802_15_00_00/vexv5/libv5rt.a(vex_global.cpp.obj)
                0x0000000003805a88                vex::PORT20
 .rodata._ZN3vex5PORT1E
                0x0000000003805a8c        0x4 /Users/evanbadger/Library/Application Support/Code/User/globalStorage/vexrobotics.vexcode/sdk/cpp/V5/V5_20240802_15_00_00/vexv5/libv5rt.a(vex_global.cpp.obj)
                0x0000000003805a8c                vex::PORT1
 .rodata._ZN3vex7reverseE
                0x0000000003805a90        0x4 /Users/evanbadger/Library/Application Support/Code/User/globalStorage/vexrobotics.vexcode/sdk/cpp/V5/V5_20240802_15_00_00/vexv5/libv5rt.a(vex_global.cpp.obj)
                0x0000000003805a90                vex::reverse
 .rodata._ZN3vex4voltE
                0x0000000003805a94        0x4 /Users/evanbadger/Library/Application Support/Code/User/globalStorage/vexrobotics.vexcode/sdk/cpp/V5/V5_20240802_15_00_00/vexv5/libv5rt.a(vex_global.cpp.obj)
                0x0000000003805a94                vex::volt
 .rodata._ZN3vex6PORT10E
                0x0000000003805a98        0x4 /Users/evanbadger/Library/Application Support/Code/User/globalStorage/vexrobotics.vexcode/sdk/cpp/V5/V5_20240802_15_00_00/vexv5/libv5rt.a(vex_global.cpp.obj)
                0x0000000003805a98                vex::PORT10
 .rodata._ZN3vex5PORT5E
                0x0000000003805a9c        0x4 /Users/evanbadger/Library/Application Support/Code/User/globalStorage/vexrobotics.vexcode/sdk/cpp/V5/V5_20240802_15_00_00/vexv5/libv5rt.a(vex_global.cpp.obj)
                0x0000000003805a9c                vex::PORT5
 .rodata._ZN3vex7forwardE
                0x0000000003805aa0        0x4 /Users/evanbadger/Library/Application Support/Code/User/globalStorage/vexrobotics.vexcode/sdk/cpp/V5/V5_20240802_15_00_00/vexv5/libv5rt.a(vex_global.cpp.obj)
                0x0000000003805aa0                vex::forward
 .rodata._ZN3vex4msecE
                0x0000000003805aa4        0x4 /Users/evanbadger/Library/Application Support/Code/User/globalStorage/vexrobotics.vexcode/sdk/cpp/V5/V5_20240802_15_00_00/vexv5/libv5rt.a(vex_global.cpp.obj)
                0x0000000003805aa4                vex::msec
 .rodata._ZN3vex6PORT18E
                0x0000000003805aa8        0x4 /Users/evanbadger/Library/Application Support/Code/User/globalStorage/vexrobotics.vexcode/sdk/cpp/V5/V5_20240802_15_00_00/vexv5/libv5rt.a(vex_global.cpp.obj)
                0x0000000003805aa8                vex::PORT18
 .rodata._ZN3vex5PORT9E
                0x0000000003805aac        0x4 /Users/evanbadger/Library/Application Support/Code/User/globalStorage/vexrobotics.vexcode/sdk/cpp/V5/V5_20240802_15_00_00/vexv5/libv5rt.a(vex_global.cpp.obj)
                0x0000000003805aac                vex::PORT9
 .rodata._ZN3vex6mono20E
                0x0000000003805ab0        0x4 /Users/evanbadger/Library/Application Support/Code/User/globalStorage/vexrobotics.vexcode/sdk/cpp/V5/V5_20240802_15_00_00/vexv5/libv5rt.a(vex_global.cpp.obj)
                0x0000000003805ab0                vex::mono20
 .rodata._ZN3vex5PORT2E
                0x0000000003805ab4        0x4 /Users/evanbadger/Library/Application Support/Code/User/globalStorage/vexrobotics.vexcode/sdk/cpp/V5/V5_20240802_15_00_00/vexv5/libv5rt.a(vex_global.cpp.obj)
                0x0000000003805ab4                vex::PORT2
 .rodata._ZN3vex5PORT6E
                0x0000000003805ab8        0x4 /Users/evanbadger/Library/Application Support/Code/User/globalStorage/vexrobotics.vexcode/sdk/cpp/V5/V5_20240802_15_00_00/vexv5/libv5rt.a(vex_global.cpp.obj)
                0x0000000003805ab8                vex::PORT6
 .rodata._ZN3vex7percentE
                0x0000000003805abc        0x4 /Users/evanbadger/Library/Application Support/Code/User/globalStorage/vexrobotics.vexcode/sdk/cpp/V5/V5_20240802_15_00_00/vexv5/libv5rt.a(vex_global.cpp.obj)
                0x0000000003805abc                vex::percent
 .rodata._ZN3vex6PORT19E
                0x0000000003805ac0        0x4 /Users/evanbadger/Library/Application Support/Code/User/globalStorage/vexrobotics.vexcode/sdk/cpp/V5/V5_20240802_15_00_00/vexv5/libv5rt.a(vex_global.cpp.obj)
                0x0000000003805ac0                vex::PORT19
 .rodata._ZN3vex7degreesE
                0x0000000003805ac4        0x4 /Users/evanbadger/Library/Application Support/Code/User/globalStorage/vexrobotics.vexcode/sdk/cpp/V5/V5_20240802_15_00_00/vexv5/libv5rt.a(vex_global.cpp.obj)
                0x0000000003805ac4                vex::degrees
 .rodata._ZN3vex6PORT22E
                0x0000000003805ac8        0x4 /Users/evanbadger/Library/Application Support/Code/User/globalStorage/vexrobotics.vexcode/sdk/cpp/V5/V5_20240802_15_00_00/vexv5/libv5rt.a(vex_global.cpp.obj)
                0x0000000003805ac8                vex::PORT22
 .rodata._ZN3vex5PORT7E
                0x0000000003805acc        0x4 /Users/evanbadger/Library/Application Support/Code/User/globalStorage/vexrobotics.vexcode/sdk/cpp/V5/V5_20240802_15_00_00/vexv5/libv5rt.a(vex_global.cpp.obj)
                0x0000000003805acc                vex::PORT7
 .rodata._ZN3vex6PORT16E
                0x0000000003805ad0        0x4 /Users/evanbadger/Library/Application Support/Code/User/globalStorage/vexrobotics.vexcode/sdk/cpp/V5/V5_20240802_15_00_00/vexv5/libv5rt.a(vex_global.cpp.obj)
                0x0000000003805ad0                vex::PORT16
 .rodata._ZN3vex8ratio6_1E
                0x0000000003805ad4        0x4 /Users/evanbadger/Library/Application Support/Code/User/globalStorage/vexrobotics.vexcode/sdk/cpp/V5/V5_20240802_15_00_00/vexv5/libv5rt.a(vex_global.cpp.obj)
                0x0000000003805ad4                vex::ratio6_1
 .rodata._ZN3vex5PORT4E
                0x0000000003805ad8        0x4 /Users/evanbadger/Library/Application Support/Code/User/globalStorage/vexrobotics.vexcode/sdk/cpp/V5/V5_20240802_15_00_00/vexv5/libv5rt.a(vex_global.cpp.obj)
                0x0000000003805ad8                vex::PORT4
 .rodata._ZN3vex5PORT8E
                0x0000000003805adc        0x4 /Users/evanbadger/Library/Application Support/Code/User/globalStorage/vexrobotics.vexcode/sdk/cpp/V5/V5_20240802_15_00_00/vexv5/libv5rt.a(vex_global.cpp.obj)
                0x0000000003805adc                vex::PORT8
 .rodata._ZN3vex9ratio18_1E
                0x0000000003805ae0        0x4 /Users/evanbadger/Library/Application Support/Code/User/globalStorage/vexrobotics.vexcode/sdk/cpp/V5/V5_20240802_15_00_00/vexv5/libv5rt.a(vex_global.cpp.obj)
                0x0000000003805ae0                vex::ratio18_1
 .rodata._ZN3vex6PORT17E
                0x0000000003805ae4        0x4 /Users/evanbadger/Library/Application Support/Code/User/globalStorage/vexrobotics.vexcode/sdk/cpp/V5/V5_20240802_15_00_00/vexv5/libv5rt.a(vex_global.cpp.obj)
                0x0000000003805ae4                vex::PORT17
 .rodata._ZTVN3vex5motorE
                0x0000000003805ae8       0x18 /Users/evanbadger/Library/Application Support/Code/User/globalStorage/vexrobotics.vexcode/sdk/cpp/V5/V5_20240802_15_00_00/vexv5/libv5rt.a(vex_motor.cpp.obj)
                0x0000000003805ae8                vtable for vex::motor
 .rodata._ZTVN3vex8inertialE
                0x0000000003805b00       0x68 /Users/evanbadger/Library/Application Support/Code/User/globalStorage/vexrobotics.vexcode/sdk/cpp/V5/V5_20240802_15_00_00/vexv5/libv5rt.a(vex_imu.cpp.obj)
                0x0000000003805b00                vtable for vex::inertial
 .rodata._ZTVN3vex8rotationE
                0x0000000003805b68       0x18 /Users/evanbadger/Library/Application Support/Code/User/globalStorage/vexrobotics.vexcode/sdk/cpp/V5/V5_20240802_15_00_00/vexv5/libv5rt.a(vex_rotation.cpp.obj)
                0x0000000003805b68                vtable for vex::rotation
 .rodata.str1.1
                0x0000000003805b80       0x1f /Users/evanbadger/Library/Application Support/Code/User/globalStorage/vexrobotics.vexcode/sdk/cpp/V5/V5_20240802_15_00_00/vexv5/libv5rt.a(vex_controller.cpp.obj)
                                         0x20 (size before relaxing)
 .rodata.CSWTCH.16
                0x0000000003805b9f        0xb /Users/evanbadger/Library/Application Support/Code/User/globalStorage/vexrobotics.vexcode/sdk/cpp/V5/V5_20240802_15_00_00/vexv5/libv5rt.a(vex_controller.cpp.obj)
 .rodata.CSWTCH.18
                0x0000000003805baa        0xb /Users/evanbadger/Library/Application Support/Code/User/globalStorage/vexrobotics.vexcode/sdk/cpp/V5/V5_20240802_15_00_00/vexv5/libv5rt.a(vex_controller.cpp.obj)
 .rodata.CSWTCH.24
                0x0000000003805bb5        0x3 /Users/evanbadger/Library/Application Support/Code/User/globalStorage/vexrobotics.vexcode/sdk/cpp/V5/V5_20240802_15_00_00/vexv5/libv5rt.a(vex_controller.cpp.obj)
 .rodata.str1.1
                0x0000000003805bb8       0x14 /Users/evanbadger/Library/Application Support/Code/User/globalStorage/vexrobotics.vexcode/sdk/cpp/V5/V5_20240802_15_00_00/vexv5/libv5rt.a(vex_task.cpp.obj)
 .rodata.str1.1
                0x0000000003805bcc       0x2d /Users/evanbadger/Library/Application Support/Code/User/globalStorage/vexrobotics.vexcode/sdk/cpp/V5/V5_20240802_15_00_00/vexv5/libv5rt.a(vex_brain.cpp.obj)
 *fill*         0x0000000003805bf9        0x7 
 .rodata._ZTVN3vex7triportE
                0x0000000003805c00       0x18 /Users/evanbadger/Library/Application Support/Code/User/globalStorage/vexrobotics.vexcode/sdk/cpp/V5/V5_20240802_15_00_00/vexv5/libv5rt.a(vex_triport.cpp.obj)
                0x0000000003805c00                vtable for vex::triport
 .rodata._ZTVN3vex6deviceE
                0x0000000003805c18       0x18 /Users/evanbadger/Library/Application Support/Code/User/globalStorage/vexrobotics.vexcode/sdk/cpp/V5/V5_20240802_15_00_00/vexv5/libv5rt.a(vex_device.cpp.obj)
                0x0000000003805c18                vtable for vex::device
 .rodata.str1.4
                0x0000000003805c30        0x4 /Users/evanbadger/Library/Application Support/Code/User/globalStorage/vexrobotics.vexcode/sdk/cpp/V5/V5_20240802_15_00_00/vexv5/gcc/libs/libc.a(lib_a-impure.o)
                                          0x2 (size before relaxing)
 *(.gnu.linkonce.r.*)
                0x0000000003805c34                __rodata_end = .

.rodata1        0x0000000003805c34        0x0
                0x0000000003805c34                __rodata1_start = .
 *(.rodata1)
 *(.rodata1.*)
                0x0000000003805c34                __rodata1_end = .

.sdata2         0x0000000003805c34        0x0
                0x0000000003805c34                __sdata2_start = .
 *(.sdata2)
 *(.sdata2.*)
 *(.gnu.linkonce.s2.*)
                0x0000000003805c34                __sdata2_end = .

.sbss2          0x0000000003805c34        0x0
                0x0000000003805c34                __sbss2_start = .
 *(.sbss2)
 *(.sbss2.*)
 *(.gnu.linkonce.sb2.*)